******************************************************************************
                  TI ARM Linker PC v16.9.1                     
******************************************************************************
>> Linked Fri May 05 19:01:01 2017

OUTPUT FILE NAME:   <ex_serial.out>
ENTRY POINT SYMBOL: "_c_int00"  address: 0000e9a0


MEMORY CONFIGURATION

         name            origin    length      used     unused   attr    fill
----------------------  --------  ---------  --------  --------  ----  --------
  VECTORS               00000000   00000020  00000020  00000000     X
  KERNEL                00000020   00008000  00002978  00005688  R  X
  FLASH0                00008020   00137fe0  00007b58  00130488  R  X
  STACKS                08000000   00000800  00000000  00000800  RW  
  KRAM                  08000800   00000800  00000108  000006f8  RW  
  RAM                   08001000   0002f000  00002055  0002cfab  RW  


SEGMENT ALLOCATION MAP

run origin  load origin   length   init length attrs members
----------  ----------- ---------- ----------- ----- -------
00000000    00000000    00002998   00002998    r-x
  00000000    00000000    00000020   00000020    r-x .intvecs
  00000020    00000020    00002918   00002918    r-x .kernelTEXT
  00002938    00002938    00000060   00000060    r-- .cinit
00008020    00008020    00007b58   00007b58    r-x
  00008020    00008020    00007954   00007954    r-x .text
  0000f974    0000f974    00000204   00000204    r-- .const
08000800    08000800    00000108   00000000    rw-
  08000800    08000800    00000108   00000000    rw- .kernelBSS
08001000    08001000    00002058   00000000    rw-
  08001000    08001000    00002000   00000000    rw- .kernelHEAP
  08003000    08003000    00000031   00000000    rw- .bss
  08003034    08003034    00000024   00000000    rw- .data


SECTION ALLOCATION MAP

 output                                  attributes/
section   page    origin      length       input sections
--------  ----  ----------  ----------   ----------------
.intvecs   0    00000000    00000020     
                  00000000    00000020     sys_intvecs.obj (.intvecs)

.kernelTEXT 
*          0    00000020    00002918     
                  00000020    00001cd8     os_tasks.obj (.kernelTEXT)
                  00001cf8    000004bc     os_portasm.obj (.kernelTEXT)
                  000021b4    000003e0     os_port.obj (.kernelTEXT)
                  00002594    000003a4     os_heap.obj (.kernelTEXT)

.cinit     0    00002938    00000060     
                  00002938    00000013     (.cinit..kernelBSS.load) [load image, compression = lzss]
                  0000294b    0000000f     (.cinit..data.load) [load image, compression = lzss]
                  0000295a    00000002     --HOLE-- [fill = 0]
                  0000295c    0000000c     (__TI_handler_table)
                  00002968    00000008     (.cinit..bss.load) [load image, compression = zero_init]
                  00002970    00000008     (.cinit..kernelHEAP.load) [load image, compression = zero_init]
                  00002978    00000020     (__TI_cinit_table)

.text      0    00008020    00007954     
                  00008020    00002cdc     sys_selftest.obj (.text)
                  0000acfc    00000b28     system.obj (.text)
                  0000b824    00000a58     sys_vim.obj (.text)
                  0000c27c    000008b4     pinmux.obj (.text)
                  0000cb30    00000844     os_tasks.obj (.text)
                  0000d374    000007b8     sci.obj (.text)
                  0000db2c    000005d8     esm.obj (.text)
                  0000e104    0000034c     sys_core.obj (.text)
                  0000e450    000002cc     sys_vim.obj (.text:retain)
                  0000e71c    00000284     os_heap.obj (.text)
                  0000e9a0    0000027c     sys_startup.obj (.text:retain)
                  0000ec1c    00000238     os_list.obj (.text)
                  0000ee54    00000204     sci.obj (.text:retain)
                  0000f058    000001b4     os_port.obj (.text)
                  0000f20c    00000114     esm.obj (.text:retain)
                  0000f320    000000e8     dabort.obj (.text)
                  0000f408    000000e0     rtsv7R4_T_le_v3D16_eabi.lib : s_floor.obj (.text)
                  0000f4e8    000000e0     sys_pmu.obj (.text)
                  0000f5c8    000000a0     notification.obj (.text)
                  0000f668    0000009c     rtsv7R4_T_le_v3D16_eabi.lib : memcpy_t2.obj (.text)
                  0000f704    0000007a                                 : memset_t2.obj (.text)
                  0000f77e    00000002                                 : startup.obj (.text)
                  0000f780    00000070                                 : autoinit.obj (.text)
                  0000f7f0    0000006c                                 : copy_decompress_lzss.obj (.text:decompress:lzss)
                  0000f85c    00000050                                 : exit.obj (.text)
                  0000f8ac    0000004c                                 : cpy_tbl.obj (.text)
                  0000f8f8    00000048     sys_main.obj (.text)
                  0000f940    00000014     rtsv7R4_T_le_v3D16_eabi.lib : _lock.obj (.text)
                  0000f954    0000000e                                 : copy_decompress_none.obj (.text:decompress:none)
                  0000f962    0000000c                                 : copy_zero_init.obj (.text:decompress:ZI)
                  0000f96e    00000002     --HOLE-- [fill = 0]
                  0000f970    00000004     sys_phantom.obj (.text:retain)

.const     0    0000f974    00000204     
                  0000f974    00000200     sys_vim.obj (.const:s_vim_init)
                  0000fb74    00000004     os_heap.obj (.const)

.kernelBSS 
*          0    08000800    00000108     UNINITIALIZED
                  08000800    000000d0     os_tasks.obj (.kernelBSS:uninit)
                  080008d0    00000030     os_tasks.obj (.kernelBSS:init)
                  08000900    00000008     os_port.obj (.kernelBSS)

.kernelHEAP 
*          0    08001000    00002000     UNINITIALIZED
                  08001000    00002000     os_heap.obj (.kernelHEAP)

.bss       0    08003000    00000031     UNINITIALIZED
                  08003000    00000028     sci.obj (.bss:g_sciTransfer_t)
                  08003028    00000008     os_heap.obj (.bss:xStart)
                  08003030    00000001     (.common:command)

.data      0    08003034    00000024     UNINITIALIZED
                  08003034    00000010     os_heap.obj (.data)
                  08003044    0000000c     rtsv7R4_T_le_v3D16_eabi.lib : exit.obj (.data:$O1$$)
                  08003050    00000008                                 : _lock.obj (.data:$O1$$)

MODULE SUMMARY

       Module                     code    ro data   rw data
       ------                     ----    -------   -------
    .\source\
       sys_selftest.obj           11484   0         0      
       os_heap.obj                1576    4         8216   
       os_tasks.obj               9500    0         256    
       sys_vim.obj                3364    512       0      
       system.obj                 2856    0         0      
       sci.obj                    2492    0         40     
       pinmux.obj                 2228    0         0      
       esm.obj                    1772    0         0      
       os_port.obj                1428    0         8      
       os_portasm.obj             1212    0         0      
       sys_core.obj               844     0         0      
       sys_startup.obj            636     0         0      
       os_list.obj                568     0         0      
       dabort.obj                 232     0         0      
       sys_pmu.obj                224     0         0      
       notification.obj           160     0         0      
       sys_main.obj               72      0         1      
       sys_intvecs.obj            32      0         0      
       sys_phantom.obj            4       0         0      
    +--+--------------------------+-------+---------+---------+
       Total:                     40684   516       8521   
                                                           
    C:/ti/ccsv7/tools/compiler/ti-cgt-arm_16.9.1.LTS/lib/rtsv7R4_T_le_v3D16_eabi.lib
       s_floor.obj                224     0         0      
       memcpy_t2.obj              156     0         0      
       memset_t2.obj              122     0         0      
       autoinit.obj               112     0         0      
       copy_decompress_lzss.obj   108     0         0      
       exit.obj                   80      0         12     
       cpy_tbl.obj                76      0         0      
       _lock.obj                  20      0         8      
       copy_decompress_none.obj   14      0         0      
       copy_zero_init.obj         12      0         0      
       startup.obj                2       0         0      
    +--+--------------------------+-------+---------+---------+
       Total:                     926     0         20     
                                                           
       Linker Generated:          0       94        0      
    +--+--------------------------+-------+---------+---------+
       Grand Total:               41610   610       8541   


LINKER GENERATED COPY TABLES

__TI_cinit_table @ 00002978 records: 4, size/record: 8, table size: 32
	.kernelBSS: load addr=00002938, load size=00000013 bytes, run addr=08000800, run size=00000108 bytes, compression=lzss
	.data: load addr=0000294b, load size=0000000f bytes, run addr=08003034, run size=00000024 bytes, compression=lzss
	.bss: load addr=00002968, load size=00000008 bytes, run addr=08003000, run size=00000031 bytes, compression=zero_init
	.kernelHEAP: load addr=00002970, load size=00000008 bytes, run addr=08001000, run size=00002000 bytes, compression=zero_init


LINKER GENERATED HANDLER TABLE

__TI_handler_table @ 0000295c records: 3, size/record: 4, table size: 12
	index: 0, handler: __TI_decompress_lzss
	index: 1, handler: __TI_decompress_none
	index: 2, handler: __TI_zero_init


GLOBAL SYMBOLS: SORTED ALPHABETICALLY BY Name 

address   name                                
-------   ----                                
0000f85d  C$$EXIT                             
UNDEFED   SHT$$INIT_ARRAY$$Base               
UNDEFED   SHT$$INIT_ARRAY$$Limit              
00002978  __TI_CINIT_Base                     
00002998  __TI_CINIT_Limit                    
0000295c  __TI_Handler_Table_Base             
00002968  __TI_Handler_Table_Limit            
0000e448  __TI_PINIT_Base                     
0000e44c  __TI_PINIT_Limit                    
0000f781  __TI_auto_init                      
08003044  __TI_cleanup_ptr                    
0000f7f1  __TI_decompress_lzss                
0000f955  __TI_decompress_none                
08003048  __TI_dtors_ptr                      
0800304c  __TI_enable_exit_profile_output     
ffffffff  __TI_pprof_out_hndl                 
ffffffff  __TI_prof_data_size                 
ffffffff  __TI_prof_data_start                
00000000  __TI_static_base__                  
0000f963  __TI_zero_init                      
0000f705  __aeabi_memclr                      
0000f705  __aeabi_memclr4                     
0000f705  __aeabi_memclr8                     
0000f669  __aeabi_memcpy                      
0000f669  __aeabi_memcpy4                     
0000f669  __aeabi_memcpy8                     
0000f707  __aeabi_memset                      
0000f707  __aeabi_memset4                     
0000f707  __aeabi_memset8                     
ffffffff  __binit__                           
ffffffff  __c_args__                          
0000e9a0  _c_int00                            
0000e360  _coreClearAuxiliaryDataFault_       
0000e374  _coreClearAuxiliaryInstructionFault_
0000e338  _coreClearDataFaultAddress_         
0000e310  _coreClearDataFault_                
0000e34c  _coreClearInstructionFaultAddress_  
0000e324  _coreClearInstructionFault_         
0000e2a4  _coreDisableEventBusExport_         
0000e2e8  _coreDisableFlashEcc_               
0000e2c4  _coreDisableRamEcc_                 
0000e294  _coreEnableEventBusExport_          
0000e2d4  _coreEnableFlashEcc_                
0000e2f8  _coreEnableIrqVicOffset_            
0000e2b4  _coreEnableRamEcc_                  
0000e27c  _coreEnableVfp_                     
0000e358  _coreGetAuxiliaryDataFault_         
0000e36c  _coreGetAuxiliaryInstructionFault_  
0000e330  _coreGetDataFaultAddress_           
0000e308  _coreGetDataFault_                  
0000e344  _coreGetInstructionFaultAddress_    
0000e31c  _coreGetInstructionFault_           
0000e104  _coreInitRegisters_                 
0000e210  _coreInitStackPointer_              
0000f320  _dabort                             
0000e388  _disable_FIQ_interrupt_             
0000e390  _disable_IRQ_interrupt_             
0000e380  _disable_interrupt_                 
0000e398  _enable_interrupt_                  
0000e428  _errata_CORTEXR4_57_                
0000e438  _errata_CORTEXR4_66_                
0000e3a0  _esmCcmErrorsClear_                 
0000e25c  _getCPSRValue_                      
0000e264  _gotoCPUIdle_                       
08003050  _lock                               
0000f94f  _nop                                
0000f544  _pmuDisableCountersGlobal_          
0000f534  _pmuEnableCountersGlobal_           
0000f5a0  _pmuGetCycleCount_                  
0000f5a8  _pmuGetEventCount_                  
0000f5b4  _pmuGetOverflow_                    
0000f4e8  _pmuInit_                           
0000f574  _pmuResetCounters_                  
0000f554  _pmuResetCycleCounter_              
0000f564  _pmuResetEventCounters_             
0000f594  _pmuSetCountEvent_                  
0000f584  _pmuStartCounters_                  
0000f58c  _pmuStopCounters_                   
0000f947  _register_lock                      
0000f941  _register_unlock                    
0000f77f  _system_post_cinit                  
08003054  _unlock                             
0000f861  abort                               
0000926c  adc1ParityCheck                     
00009358  adc2ParityCheck                     
ffffffff  binit                               
00009410  can1ParityCheck                     
000094e8  can2ParityCheck                     
000095b0  can3ParityCheck                     
00008030  ccmSelfCheck                        
0000a6fc  ccmr4GetConfigValue                 
00008938  checkB0RAMECC                       
00008b28  checkB1RAMECC                       
00009c18  checkClockMonitor                   
00008d18  checkFlashECC                       
00009cf4  checkFlashEEPROMECC                 
00009e8c  checkPLL1Slip                       
00009f8c  checkPLL2Slip                       
0000a050  checkRAMAddrParity                  
000099d0  checkRAMECC                         
0000a15c  checkRAMUERRTest                    
000087bc  checkefcSelfTest                    
08003030  command                             
0000f8ad  copy_in                             
00008234  cpuSelfTest                         
00008dfc  cpuSelfTestFail                     
00008df4  custom_dabort                       
0000ab58  disableParity                       
0000f650  dmaGroupANotification               
00008eac  dmaParityCheck                      
00008660  efcCheck                            
0000a660  efcGetConfigValue                   
00008794  efcSelfTest                         
000086e8  efcStuckZeroTest                    
0000aad0  enableParity                        
0000a76c  errata_PBIST_4                      
0000dcb8  esmActivateNormalOperation          
0000dd9c  esmClearStatus                      
0000dde0  esmClearStatusBuffer                
0000dc7c  esmDisableError                     
0000dcf4  esmDisableInterrupt                 
0000dc50  esmEnableError                      
0000dcc8  esmEnableInterrupt                  
0000ded8  esmEnterSelfTest                    
0000dc34  esmError                            
0000dfb0  esmGetConfigValue                   
0000de1c  esmGetStatus                        
0000dea0  esmGetStatusBuffer                  
0000f5c8  esmGroup1Notification               
0000f5d8  esmGroup2Notification               
0000f20c  esmHighInterrupt                    
0000db2c  esmInit                             
0000df60  esmSelfTestStatus                   
0000ddfc  esmSetCounterPreloadValue           
0000dd20  esmSetInterruptLevel                
0000dca8  esmTriggerErrorPinReset             
0000f869  exit                                
0000f409  floor                               
0000f409  floorl                              
0000a2c4  fmcBus1ParityCheck                  
0000885c  fmcBus2Check                        
00008898  fmcECCcheck                         
00008f58  het1ParityCheck                     
000090c0  het2ParityCheck                     
00009004  htu1ParityCheck                     
000091bc  htu2ParityCheck                     
0000ee54  linHighLevelInterrupt               
0000f8f8  main                                
0000ae38  mapClocks                           
0000f669  memcpy                              
00008174  memoryInit                          
0000f5e8  memoryPort0TestFailNotification     
0000f604  memoryPort1TestFailNotification     
0000f70d  memset                              
00009684  mibspi1ParityCheck                  
0000978c  mibspi3ParityCheck                  
000098b0  mibspi5ParityCheck                  
0000c27c  muxInit                             
0000a3ec  pbistFail                           
0000a470  pbistGetConfigValue                 
000085a8  pbistIsTestCompleted                
000085d4  pbistIsTestPassed                   
00008608  pbistPortTestStatus                 
000084ac  pbistRun                            
000082cc  pbistSelfCheck                      
00008578  pbistStop                           
0000ade4  periphInit                          
0000f970  phantomInterrupt                    
0000c730  pinmuxGetConfigValue                
0000218c  prvMpuDisable                       
00002174  prvMpuEnable                        
0000215c  prvMpuSetRegion                     
00002594  pvPortMalloc                        
080008d0  pxCurrentTCB                        
000021b4  pxPortInitialiseStack               
00000000  resetEntry                          
0000d83c  sciDisableLoopback                  
0000d8c8  sciDisableNotification              
0000d808  sciEnableLoopback                   
0000d860  sciEnableNotification               
0000d930  sciEnterResetState                  
0000d950  sciExitResetState                   
0000d374  sciInit                             
0000d6b8  sciIsIdleDetected                   
0000d69c  sciIsRxReady                        
0000d51c  sciIsTxReady                        
0000f620  sciNotification                     
0000d730  sciReceive                          
0000d704  sciReceiveByte                      
0000d6d4  sciRxError                          
0000d568  sciSend                             
0000d538  sciSendByte                         
0000d480  sciSetBaudrate                      
0000d460  sciSetFunctional                    
0000d970  scilinGetConfigValue                
00008020  selftestFailNotification            
0000ada4  setupFlash                          
0000acfc  setupPLL                            
0000b61c  sramGetConfigValue                  
0000a5bc  stcGetConfigValue                   
000081b8  stcSelfCheck                        
00008df8  stcSelfCheckFail                    
0000b05c  systemGetConfigValue                
0000af60  systemInit                          
0000b02c  systemPowerDown                     
0000b470  tcmflashGetConfigValue              
0000ad5c  trimLPO                             
08000900  ulCriticalNesting                   
00002078  ulPortCountLeadingZeros             
08000904  ulTaskHasFPUContext                 
0000cbb8  ulTaskNotifyTake                    
0000edc8  uxListRemove                        
00000f60  uxTaskGetNumberOfTasks              
00001bbc  uxTaskGetStackHighWaterMark         
00000660  uxTaskPriorityGet                   
000006a4  uxTaskPriorityGetFromISR            
00001c8c  uxTaskResetEventItemValue           
0000ec1c  vListInitialise                     
0000ec74  vListInitialiseItem                 
0000ed04  vListInsert                         
0000ec90  vListInsertEnd                      
00002560  vPortEndScheduler                   
00002804  vPortFree                           
0000291c  vPortInitialiseBlocks               
0000206c  vPortInitialiseFPSCR                
00001f6c  vPortPreemptiveTick                 
00002080  vPortSWI                            
00001cfc  vPortStartFirstTask                 
000022c8  vPortStoreTaskMPUSettings           
00001e78  vPortYeildWithinAPI                 
00001d8c  vPortYieldProcessor                 
000018b4  vTaskAllocateMPURegions             
00000594  vTaskDelay                          
000003fc  vTaskDelayUntil                     
000002bc  vTaskDelete                         
00000d50  vTaskEndScheduler                   
00001784  vTaskMissedYield                    
0000d20c  vTaskNotifyGiveFromISR              
00001298  vTaskPlaceOnEventList               
00001350  vTaskPlaceOnUnorderedEventList      
000006ec  vTaskPrioritySet                    
00000af0  vTaskResume                         
0000163c  vTaskSetTimeOutState                
00000cbc  vTaskStartScheduler                 
000008e4  vTaskSuspend                        
00000d6c  vTaskSuspendAll                     
000011b4  vTaskSwitchContext                  
0000b8f8  vimChannelMap                       
0000bb64  vimDisableInterrupt                 
0000b99c  vimEnableInterrupt                  
0000bc10  vimGetConfigValue                   
0000b824  vimInit                             
00008e00  vimParityCheck                      
0000e450  vimParityErrorHandler               
00002904  xPortGetFreeHeapSize                
00002910  xPortGetMinimumEverFreeHeapSize     
0000253c  xPortStartScheduler                 
0000167c  xTaskCheckForTimeOut                
00000020  xTaskGenericCreate                  
00001c3c  xTaskGetSchedulerState              
00000f20  xTaskGetTickCount                   
00000f3c  xTaskGetTickCountFromISR            
00000f7c  xTaskIncrementTick                  
0000ce8c  xTaskNotify                         
0000d038  xTaskNotifyFromISR                  
0000cd08  xTaskNotifyWait                     
0000144c  xTaskRemoveFromEventList            
00001538  xTaskRemoveFromUnorderedEventList   
00000d80  xTaskResumeAll                      
00000bd4  xTaskResumeFromISR                  


GLOBAL SYMBOLS: SORTED BY Symbol Address 

address   name                                
-------   ----                                
00000000  __TI_static_base__                  
00000000  resetEntry                          
00000020  xTaskGenericCreate                  
000002bc  vTaskDelete                         
000003fc  vTaskDelayUntil                     
00000594  vTaskDelay                          
00000660  uxTaskPriorityGet                   
000006a4  uxTaskPriorityGetFromISR            
000006ec  vTaskPrioritySet                    
000008e4  vTaskSuspend                        
00000af0  vTaskResume                         
00000bd4  xTaskResumeFromISR                  
00000cbc  vTaskStartScheduler                 
00000d50  vTaskEndScheduler                   
00000d6c  vTaskSuspendAll                     
00000d80  xTaskResumeAll                      
00000f20  xTaskGetTickCount                   
00000f3c  xTaskGetTickCountFromISR            
00000f60  uxTaskGetNumberOfTasks              
00000f7c  xTaskIncrementTick                  
000011b4  vTaskSwitchContext                  
00001298  vTaskPlaceOnEventList               
00001350  vTaskPlaceOnUnorderedEventList      
0000144c  xTaskRemoveFromEventList            
00001538  xTaskRemoveFromUnorderedEventList   
0000163c  vTaskSetTimeOutState                
0000167c  xTaskCheckForTimeOut                
00001784  vTaskMissedYield                    
000018b4  vTaskAllocateMPURegions             
00001bbc  uxTaskGetStackHighWaterMark         
00001c3c  xTaskGetSchedulerState              
00001c8c  uxTaskResetEventItemValue           
00001cfc  vPortStartFirstTask                 
00001d8c  vPortYieldProcessor                 
00001e78  vPortYeildWithinAPI                 
00001f6c  vPortPreemptiveTick                 
0000206c  vPortInitialiseFPSCR                
00002078  ulPortCountLeadingZeros             
00002080  vPortSWI                            
0000215c  prvMpuSetRegion                     
00002174  prvMpuEnable                        
0000218c  prvMpuDisable                       
000021b4  pxPortInitialiseStack               
000022c8  vPortStoreTaskMPUSettings           
0000253c  xPortStartScheduler                 
00002560  vPortEndScheduler                   
00002594  pvPortMalloc                        
00002804  vPortFree                           
00002904  xPortGetFreeHeapSize                
00002910  xPortGetMinimumEverFreeHeapSize     
0000291c  vPortInitialiseBlocks               
0000295c  __TI_Handler_Table_Base             
00002968  __TI_Handler_Table_Limit            
00002978  __TI_CINIT_Base                     
00002998  __TI_CINIT_Limit                    
00008020  selftestFailNotification            
00008030  ccmSelfCheck                        
00008174  memoryInit                          
000081b8  stcSelfCheck                        
00008234  cpuSelfTest                         
000082cc  pbistSelfCheck                      
000084ac  pbistRun                            
00008578  pbistStop                           
000085a8  pbistIsTestCompleted                
000085d4  pbistIsTestPassed                   
00008608  pbistPortTestStatus                 
00008660  efcCheck                            
000086e8  efcStuckZeroTest                    
00008794  efcSelfTest                         
000087bc  checkefcSelfTest                    
0000885c  fmcBus2Check                        
00008898  fmcECCcheck                         
00008938  checkB0RAMECC                       
00008b28  checkB1RAMECC                       
00008d18  checkFlashECC                       
00008df4  custom_dabort                       
00008df8  stcSelfCheckFail                    
00008dfc  cpuSelfTestFail                     
00008e00  vimParityCheck                      
00008eac  dmaParityCheck                      
00008f58  het1ParityCheck                     
00009004  htu1ParityCheck                     
000090c0  het2ParityCheck                     
000091bc  htu2ParityCheck                     
0000926c  adc1ParityCheck                     
00009358  adc2ParityCheck                     
00009410  can1ParityCheck                     
000094e8  can2ParityCheck                     
000095b0  can3ParityCheck                     
00009684  mibspi1ParityCheck                  
0000978c  mibspi3ParityCheck                  
000098b0  mibspi5ParityCheck                  
000099d0  checkRAMECC                         
00009c18  checkClockMonitor                   
00009cf4  checkFlashEEPROMECC                 
00009e8c  checkPLL1Slip                       
00009f8c  checkPLL2Slip                       
0000a050  checkRAMAddrParity                  
0000a15c  checkRAMUERRTest                    
0000a2c4  fmcBus1ParityCheck                  
0000a3ec  pbistFail                           
0000a470  pbistGetConfigValue                 
0000a5bc  stcGetConfigValue                   
0000a660  efcGetConfigValue                   
0000a6fc  ccmr4GetConfigValue                 
0000a76c  errata_PBIST_4                      
0000aad0  enableParity                        
0000ab58  disableParity                       
0000acfc  setupPLL                            
0000ad5c  trimLPO                             
0000ada4  setupFlash                          
0000ade4  periphInit                          
0000ae38  mapClocks                           
0000af60  systemInit                          
0000b02c  systemPowerDown                     
0000b05c  systemGetConfigValue                
0000b470  tcmflashGetConfigValue              
0000b61c  sramGetConfigValue                  
0000b824  vimInit                             
0000b8f8  vimChannelMap                       
0000b99c  vimEnableInterrupt                  
0000bb64  vimDisableInterrupt                 
0000bc10  vimGetConfigValue                   
0000c27c  muxInit                             
0000c730  pinmuxGetConfigValue                
0000cbb8  ulTaskNotifyTake                    
0000cd08  xTaskNotifyWait                     
0000ce8c  xTaskNotify                         
0000d038  xTaskNotifyFromISR                  
0000d20c  vTaskNotifyGiveFromISR              
0000d374  sciInit                             
0000d460  sciSetFunctional                    
0000d480  sciSetBaudrate                      
0000d51c  sciIsTxReady                        
0000d538  sciSendByte                         
0000d568  sciSend                             
0000d69c  sciIsRxReady                        
0000d6b8  sciIsIdleDetected                   
0000d6d4  sciRxError                          
0000d704  sciReceiveByte                      
0000d730  sciReceive                          
0000d808  sciEnableLoopback                   
0000d83c  sciDisableLoopback                  
0000d860  sciEnableNotification               
0000d8c8  sciDisableNotification              
0000d930  sciEnterResetState                  
0000d950  sciExitResetState                   
0000d970  scilinGetConfigValue                
0000db2c  esmInit                             
0000dc34  esmError                            
0000dc50  esmEnableError                      
0000dc7c  esmDisableError                     
0000dca8  esmTriggerErrorPinReset             
0000dcb8  esmActivateNormalOperation          
0000dcc8  esmEnableInterrupt                  
0000dcf4  esmDisableInterrupt                 
0000dd20  esmSetInterruptLevel                
0000dd9c  esmClearStatus                      
0000dde0  esmClearStatusBuffer                
0000ddfc  esmSetCounterPreloadValue           
0000de1c  esmGetStatus                        
0000dea0  esmGetStatusBuffer                  
0000ded8  esmEnterSelfTest                    
0000df60  esmSelfTestStatus                   
0000dfb0  esmGetConfigValue                   
0000e104  _coreInitRegisters_                 
0000e210  _coreInitStackPointer_              
0000e25c  _getCPSRValue_                      
0000e264  _gotoCPUIdle_                       
0000e27c  _coreEnableVfp_                     
0000e294  _coreEnableEventBusExport_          
0000e2a4  _coreDisableEventBusExport_         
0000e2b4  _coreEnableRamEcc_                  
0000e2c4  _coreDisableRamEcc_                 
0000e2d4  _coreEnableFlashEcc_                
0000e2e8  _coreDisableFlashEcc_               
0000e2f8  _coreEnableIrqVicOffset_            
0000e308  _coreGetDataFault_                  
0000e310  _coreClearDataFault_                
0000e31c  _coreGetInstructionFault_           
0000e324  _coreClearInstructionFault_         
0000e330  _coreGetDataFaultAddress_           
0000e338  _coreClearDataFaultAddress_         
0000e344  _coreGetInstructionFaultAddress_    
0000e34c  _coreClearInstructionFaultAddress_  
0000e358  _coreGetAuxiliaryDataFault_         
0000e360  _coreClearAuxiliaryDataFault_       
0000e36c  _coreGetAuxiliaryInstructionFault_  
0000e374  _coreClearAuxiliaryInstructionFault_
0000e380  _disable_interrupt_                 
0000e388  _disable_FIQ_interrupt_             
0000e390  _disable_IRQ_interrupt_             
0000e398  _enable_interrupt_                  
0000e3a0  _esmCcmErrorsClear_                 
0000e428  _errata_CORTEXR4_57_                
0000e438  _errata_CORTEXR4_66_                
0000e448  __TI_PINIT_Base                     
0000e44c  __TI_PINIT_Limit                    
0000e450  vimParityErrorHandler               
0000e9a0  _c_int00                            
0000ec1c  vListInitialise                     
0000ec74  vListInitialiseItem                 
0000ec90  vListInsertEnd                      
0000ed04  vListInsert                         
0000edc8  uxListRemove                        
0000ee54  linHighLevelInterrupt               
0000f20c  esmHighInterrupt                    
0000f320  _dabort                             
0000f409  floor                               
0000f409  floorl                              
0000f4e8  _pmuInit_                           
0000f534  _pmuEnableCountersGlobal_           
0000f544  _pmuDisableCountersGlobal_          
0000f554  _pmuResetCycleCounter_              
0000f564  _pmuResetEventCounters_             
0000f574  _pmuResetCounters_                  
0000f584  _pmuStartCounters_                  
0000f58c  _pmuStopCounters_                   
0000f594  _pmuSetCountEvent_                  
0000f5a0  _pmuGetCycleCount_                  
0000f5a8  _pmuGetEventCount_                  
0000f5b4  _pmuGetOverflow_                    
0000f5c8  esmGroup1Notification               
0000f5d8  esmGroup2Notification               
0000f5e8  memoryPort0TestFailNotification     
0000f604  memoryPort1TestFailNotification     
0000f620  sciNotification                     
0000f650  dmaGroupANotification               
0000f669  __aeabi_memcpy                      
0000f669  __aeabi_memcpy4                     
0000f669  __aeabi_memcpy8                     
0000f669  memcpy                              
0000f705  __aeabi_memclr                      
0000f705  __aeabi_memclr4                     
0000f705  __aeabi_memclr8                     
0000f707  __aeabi_memset                      
0000f707  __aeabi_memset4                     
0000f707  __aeabi_memset8                     
0000f70d  memset                              
0000f77f  _system_post_cinit                  
0000f781  __TI_auto_init                      
0000f7f1  __TI_decompress_lzss                
0000f85d  C$$EXIT                             
0000f861  abort                               
0000f869  exit                                
0000f8ad  copy_in                             
0000f8f8  main                                
0000f941  _register_unlock                    
0000f947  _register_lock                      
0000f94f  _nop                                
0000f955  __TI_decompress_none                
0000f963  __TI_zero_init                      
0000f970  phantomInterrupt                    
080008d0  pxCurrentTCB                        
08000900  ulCriticalNesting                   
08000904  ulTaskHasFPUContext                 
08003030  command                             
08003044  __TI_cleanup_ptr                    
08003048  __TI_dtors_ptr                      
0800304c  __TI_enable_exit_profile_output     
08003050  _lock                               
08003054  _unlock                             
ffffffff  __TI_pprof_out_hndl                 
ffffffff  __TI_prof_data_size                 
ffffffff  __TI_prof_data_start                
ffffffff  __binit__                           
ffffffff  __c_args__                          
ffffffff  binit                               
UNDEFED   SHT$$INIT_ARRAY$$Base               
UNDEFED   SHT$$INIT_ARRAY$$Limit              

[270 symbols]
