<?xml version="1.0"?>
<link_info>
   <banner>TI ARM Linker PC v16.9.1.LTS</banner>
   <copyright>Copyright (c) 1996-2015 Texas Instruments Incorporated</copyright>
   <link_time>0x590c848f</link_time>
   <link_errors>0x0</link_errors>
   <output_file>ex_serial.out</output_file>
   <entry_point>
      <name>_c_int00</name>
      <address>0xe9a0</address>
   </entry_point>
   <input_file_list>
      <input_file id="fl-2">
         <path>.\source\</path>
         <kind>object</kind>
         <file>dabort.obj</file>
         <name>dabort.obj</name>
      </input_file>
      <input_file id="fl-3">
         <path>.\source\</path>
         <kind>object</kind>
         <file>esm.obj</file>
         <name>esm.obj</name>
      </input_file>
      <input_file id="fl-4">
         <path>.\source\</path>
         <kind>object</kind>
         <file>notification.obj</file>
         <name>notification.obj</name>
      </input_file>
      <input_file id="fl-5">
         <path>.\source\</path>
         <kind>object</kind>
         <file>os_croutine.obj</file>
         <name>os_croutine.obj</name>
      </input_file>
      <input_file id="fl-6">
         <path>.\source\</path>
         <kind>object</kind>
         <file>os_event_groups.obj</file>
         <name>os_event_groups.obj</name>
      </input_file>
      <input_file id="fl-7">
         <path>.\source\</path>
         <kind>object</kind>
         <file>os_heap.obj</file>
         <name>os_heap.obj</name>
      </input_file>
      <input_file id="fl-8">
         <path>.\source\</path>
         <kind>object</kind>
         <file>os_list.obj</file>
         <name>os_list.obj</name>
      </input_file>
      <input_file id="fl-9">
         <path>.\source\</path>
         <kind>object</kind>
         <file>os_mpu_wrappers.obj</file>
         <name>os_mpu_wrappers.obj</name>
      </input_file>
      <input_file id="fl-a">
         <path>.\source\</path>
         <kind>object</kind>
         <file>os_port.obj</file>
         <name>os_port.obj</name>
      </input_file>
      <input_file id="fl-b">
         <path>.\source\</path>
         <kind>object</kind>
         <file>os_portasm.obj</file>
         <name>os_portasm.obj</name>
      </input_file>
      <input_file id="fl-c">
         <path>.\source\</path>
         <kind>object</kind>
         <file>os_queue.obj</file>
         <name>os_queue.obj</name>
      </input_file>
      <input_file id="fl-d">
         <path>.\source\</path>
         <kind>object</kind>
         <file>os_tasks.obj</file>
         <name>os_tasks.obj</name>
      </input_file>
      <input_file id="fl-e">
         <path>.\source\</path>
         <kind>object</kind>
         <file>os_timer.obj</file>
         <name>os_timer.obj</name>
      </input_file>
      <input_file id="fl-f">
         <path>.\source\</path>
         <kind>object</kind>
         <file>pinmux.obj</file>
         <name>pinmux.obj</name>
      </input_file>
      <input_file id="fl-10">
         <path>.\source\</path>
         <kind>object</kind>
         <file>rxtx.obj</file>
         <name>rxtx.obj</name>
      </input_file>
      <input_file id="fl-11">
         <path>.\source\</path>
         <kind>object</kind>
         <file>sci.obj</file>
         <name>sci.obj</name>
      </input_file>
      <input_file id="fl-12">
         <path>.\source\</path>
         <kind>object</kind>
         <file>sys_core.obj</file>
         <name>sys_core.obj</name>
      </input_file>
      <input_file id="fl-13">
         <path>.\source\</path>
         <kind>object</kind>
         <file>sys_dma.obj</file>
         <name>sys_dma.obj</name>
      </input_file>
      <input_file id="fl-14">
         <path>.\source\</path>
         <kind>object</kind>
         <file>sys_intvecs.obj</file>
         <name>sys_intvecs.obj</name>
      </input_file>
      <input_file id="fl-15">
         <path>.\source\</path>
         <kind>object</kind>
         <file>sys_main.obj</file>
         <name>sys_main.obj</name>
      </input_file>
      <input_file id="fl-16">
         <path>.\source\</path>
         <kind>object</kind>
         <file>sys_mpu.obj</file>
         <name>sys_mpu.obj</name>
      </input_file>
      <input_file id="fl-17">
         <path>.\source\</path>
         <kind>object</kind>
         <file>sys_pcr.obj</file>
         <name>sys_pcr.obj</name>
      </input_file>
      <input_file id="fl-18">
         <path>.\source\</path>
         <kind>object</kind>
         <file>sys_phantom.obj</file>
         <name>sys_phantom.obj</name>
      </input_file>
      <input_file id="fl-19">
         <path>.\source\</path>
         <kind>object</kind>
         <file>sys_pmm.obj</file>
         <name>sys_pmm.obj</name>
      </input_file>
      <input_file id="fl-1a">
         <path>.\source\</path>
         <kind>object</kind>
         <file>sys_pmu.obj</file>
         <name>sys_pmu.obj</name>
      </input_file>
      <input_file id="fl-1b">
         <path>.\source\</path>
         <kind>object</kind>
         <file>sys_selftest.obj</file>
         <name>sys_selftest.obj</name>
      </input_file>
      <input_file id="fl-1c">
         <path>.\source\</path>
         <kind>object</kind>
         <file>sys_startup.obj</file>
         <name>sys_startup.obj</name>
      </input_file>
      <input_file id="fl-1d">
         <path>.\source\</path>
         <kind>object</kind>
         <file>sys_vim.obj</file>
         <name>sys_vim.obj</name>
      </input_file>
      <input_file id="fl-1e">
         <path>.\source\</path>
         <kind>object</kind>
         <file>system.obj</file>
         <name>system.obj</name>
      </input_file>
      <input_file id="fl-1f">
         <path>.\source\</path>
         <kind>object</kind>
         <file>usb.obj</file>
         <name>usb.obj</name>
      </input_file>
      <input_file id="fl-20">
         <path>.\source\</path>
         <kind>object</kind>
         <file>usb_serial_structs.obj</file>
         <name>usb_serial_structs.obj</name>
      </input_file>
      <input_file id="fl-21">
         <path>.\source\</path>
         <kind>object</kind>
         <file>usbbuffer.obj</file>
         <name>usbbuffer.obj</name>
      </input_file>
      <input_file id="fl-22">
         <path>.\source\</path>
         <kind>object</kind>
         <file>usbdcdc.obj</file>
         <name>usbdcdc.obj</name>
      </input_file>
      <input_file id="fl-23">
         <path>.\source\</path>
         <kind>object</kind>
         <file>usbdcdesc.obj</file>
         <name>usbdcdesc.obj</name>
      </input_file>
      <input_file id="fl-24">
         <path>.\source\</path>
         <kind>object</kind>
         <file>usbdconfig.obj</file>
         <name>usbdconfig.obj</name>
      </input_file>
      <input_file id="fl-25">
         <path>.\source\</path>
         <kind>object</kind>
         <file>usbdenum.obj</file>
         <name>usbdenum.obj</name>
      </input_file>
      <input_file id="fl-26">
         <path>.\source\</path>
         <kind>object</kind>
         <file>usbdesc.obj</file>
         <name>usbdesc.obj</name>
      </input_file>
      <input_file id="fl-27">
         <path>.\source\</path>
         <kind>object</kind>
         <file>usbringbuf.obj</file>
         <name>usbringbuf.obj</name>
      </input_file>
      <input_file id="fl-2c">
         <path>C:\ti\ccsv7\tools\compiler\ti-cgt-arm_16.9.1.LTS\lib\</path>
         <kind>archive</kind>
         <file>rtsv7R4_T_le_v3D16_eabi.lib</file>
         <name>autoinit.obj</name>
      </input_file>
      <input_file id="fl-2d">
         <path>C:\ti\ccsv7\tools\compiler\ti-cgt-arm_16.9.1.LTS\lib\</path>
         <kind>archive</kind>
         <file>rtsv7R4_T_le_v3D16_eabi.lib</file>
         <name>copy_decompress_lzss.obj</name>
      </input_file>
      <input_file id="fl-2e">
         <path>C:\ti\ccsv7\tools\compiler\ti-cgt-arm_16.9.1.LTS\lib\</path>
         <kind>archive</kind>
         <file>rtsv7R4_T_le_v3D16_eabi.lib</file>
         <name>copy_decompress_none.obj</name>
      </input_file>
      <input_file id="fl-2f">
         <path>C:\ti\ccsv7\tools\compiler\ti-cgt-arm_16.9.1.LTS\lib\</path>
         <kind>archive</kind>
         <file>rtsv7R4_T_le_v3D16_eabi.lib</file>
         <name>copy_zero_init.obj</name>
      </input_file>
      <input_file id="fl-30">
         <path>C:\ti\ccsv7\tools\compiler\ti-cgt-arm_16.9.1.LTS\lib\</path>
         <kind>archive</kind>
         <file>rtsv7R4_T_le_v3D16_eabi.lib</file>
         <name>cpy_tbl.obj</name>
      </input_file>
      <input_file id="fl-31">
         <path>C:\ti\ccsv7\tools\compiler\ti-cgt-arm_16.9.1.LTS\lib\</path>
         <kind>archive</kind>
         <file>rtsv7R4_T_le_v3D16_eabi.lib</file>
         <name>exit.obj</name>
      </input_file>
      <input_file id="fl-32">
         <path>C:\ti\ccsv7\tools\compiler\ti-cgt-arm_16.9.1.LTS\lib\</path>
         <kind>archive</kind>
         <file>rtsv7R4_T_le_v3D16_eabi.lib</file>
         <name>memcpy_t2.obj</name>
      </input_file>
      <input_file id="fl-33">
         <path>C:\ti\ccsv7\tools\compiler\ti-cgt-arm_16.9.1.LTS\lib\</path>
         <kind>archive</kind>
         <file>rtsv7R4_T_le_v3D16_eabi.lib</file>
         <name>memset_t2.obj</name>
      </input_file>
      <input_file id="fl-34">
         <path>C:\ti\ccsv7\tools\compiler\ti-cgt-arm_16.9.1.LTS\lib\</path>
         <kind>archive</kind>
         <file>rtsv7R4_T_le_v3D16_eabi.lib</file>
         <name>s_floor.obj</name>
      </input_file>
      <input_file id="fl-35">
         <path>C:\ti\ccsv7\tools\compiler\ti-cgt-arm_16.9.1.LTS\lib\</path>
         <kind>archive</kind>
         <file>rtsv7R4_T_le_v3D16_eabi.lib</file>
         <name>startup.obj</name>
      </input_file>
      <input_file id="fl-36">
         <path>C:\ti\ccsv7\tools\compiler\ti-cgt-arm_16.9.1.LTS\lib\</path>
         <kind>archive</kind>
         <file>rtsv7R4_T_le_v3D16_eabi.lib</file>
         <name>u_div32.obj</name>
      </input_file>
      <input_file id="fl-37">
         <path>C:\ti\ccsv7\tools\compiler\ti-cgt-arm_16.9.1.LTS\lib\</path>
         <kind>archive</kind>
         <file>rtsv7R4_T_le_v3D16_eabi.lib</file>
         <name>_lock.obj</name>
      </input_file>
      <input_file id="fl-38">
         <path>C:\ti\ccsv7\tools\compiler\ti-cgt-arm_16.9.1.LTS\lib\</path>
         <kind>archive</kind>
         <file>rtsv7R4_T_le_v3D16_eabi.lib</file>
         <name>i_div0.obj</name>
      </input_file>
   </input_file_list>
   <object_component_list>
      <object_component id="oc-35">
         <name>.intvecs</name>
         <load_address>0x0</load_address>
         <run_address>0x0</run_address>
         <size>0x20</size>
         <input_file_ref idref="fl-14"/>
      </object_component>
      <object_component id="oc-123">
         <name>.kernelTEXT</name>
         <load_address>0x20</load_address>
         <run_address>0x20</run_address>
         <size>0x1cd8</size>
         <input_file_ref idref="fl-d"/>
      </object_component>
      <object_component id="oc-a5">
         <name>.kernelTEXT</name>
         <load_address>0x1cf8</load_address>
         <run_address>0x1cf8</run_address>
         <size>0x4bc</size>
         <input_file_ref idref="fl-b"/>
      </object_component>
      <object_component id="oc-1e1">
         <name>.kernelTEXT</name>
         <load_address>0x21b4</load_address>
         <run_address>0x21b4</run_address>
         <size>0x3e0</size>
         <input_file_ref idref="fl-a"/>
      </object_component>
      <object_component id="oc-1f6">
         <name>.kernelTEXT</name>
         <load_address>0x2594</load_address>
         <run_address>0x2594</run_address>
         <size>0x3a4</size>
         <input_file_ref idref="fl-7"/>
      </object_component>
      <object_component id="oc-2bb">
         <name>.cinit..kernelBSS.load</name>
         <load_address>0x2938</load_address>
         <run_address>0x2938</run_address>
         <size>0x13</size>
      </object_component>
      <object_component id="oc-2be">
         <name>.cinit..data.load</name>
         <load_address>0x294b</load_address>
         <run_address>0x294b</run_address>
         <size>0xf</size>
      </object_component>
      <object_component id="oc-2b9">
         <name>__TI_handler_table</name>
         <load_address>0x295c</load_address>
         <run_address>0x295c</run_address>
         <size>0xc</size>
      </object_component>
      <object_component id="oc-2bd">
         <name>.cinit..bss.load</name>
         <load_address>0x2968</load_address>
         <run_address>0x2968</run_address>
         <size>0x8</size>
      </object_component>
      <object_component id="oc-2bc">
         <name>.cinit..kernelHEAP.load</name>
         <load_address>0x2970</load_address>
         <run_address>0x2970</run_address>
         <size>0x8</size>
      </object_component>
      <object_component id="oc-2ba">
         <name>__TI_cinit_table</name>
         <load_address>0x2978</load_address>
         <run_address>0x2978</run_address>
         <size>0x20</size>
      </object_component>
      <object_component id="oc-7a">
         <name>.text</name>
         <load_address>0x8020</load_address>
         <run_address>0x8020</run_address>
         <size>0x2cdc</size>
         <input_file_ref idref="fl-1b"/>
      </object_component>
      <object_component id="oc-74">
         <name>.text</name>
         <load_address>0xacfc</load_address>
         <run_address>0xacfc</run_address>
         <size>0xb28</size>
         <input_file_ref idref="fl-1e"/>
      </object_component>
      <object_component id="oc-45">
         <name>.text</name>
         <load_address>0xb824</load_address>
         <run_address>0xb824</run_address>
         <size>0xa58</size>
         <input_file_ref idref="fl-1d"/>
      </object_component>
      <object_component id="oc-db">
         <name>.text</name>
         <load_address>0xc27c</load_address>
         <run_address>0xc27c</run_address>
         <size>0x8b4</size>
         <input_file_ref idref="fl-f"/>
      </object_component>
      <object_component id="oc-1ed">
         <name>.text</name>
         <load_address>0xcb30</load_address>
         <run_address>0xcb30</run_address>
         <size>0x844</size>
         <input_file_ref idref="fl-d"/>
      </object_component>
      <object_component id="oc-ff">
         <name>.text</name>
         <load_address>0xd374</load_address>
         <run_address>0xd374</run_address>
         <size>0x7b8</size>
         <input_file_ref idref="fl-11"/>
      </object_component>
      <object_component id="oc-80">
         <name>.text</name>
         <load_address>0xdb2c</load_address>
         <run_address>0xdb2c</run_address>
         <size>0x5d8</size>
         <input_file_ref idref="fl-3"/>
      </object_component>
      <object_component id="oc-6f">
         <name>.text</name>
         <load_address>0xe104</load_address>
         <run_address>0xe104</run_address>
         <size>0x34c</size>
         <input_file_ref idref="fl-12"/>
      </object_component>
      <object_component id="oc-40">
         <name>.text:retain</name>
         <load_address>0xe450</load_address>
         <run_address>0xe450</run_address>
         <size>0x2cc</size>
         <input_file_ref idref="fl-1d"/>
      </object_component>
      <object_component id="oc-244">
         <name>.text</name>
         <load_address>0xe71c</load_address>
         <run_address>0xe71c</run_address>
         <size>0x284</size>
         <input_file_ref idref="fl-7"/>
      </object_component>
      <object_component id="oc-20">
         <name>.text:retain</name>
         <load_address>0xe9a0</load_address>
         <run_address>0xe9a0</run_address>
         <size>0x27c</size>
         <input_file_ref idref="fl-1c"/>
      </object_component>
      <object_component id="oc-1e7">
         <name>.text</name>
         <load_address>0xec1c</load_address>
         <run_address>0xec1c</run_address>
         <size>0x238</size>
         <input_file_ref idref="fl-8"/>
      </object_component>
      <object_component id="oc-2f">
         <name>.text:retain</name>
         <load_address>0xee54</load_address>
         <run_address>0xee54</run_address>
         <size>0x204</size>
         <input_file_ref idref="fl-11"/>
      </object_component>
      <object_component id="oc-232">
         <name>.text</name>
         <load_address>0xf058</load_address>
         <run_address>0xf058</run_address>
         <size>0x1b4</size>
         <input_file_ref idref="fl-a"/>
      </object_component>
      <object_component id="oc-26">
         <name>.text:retain</name>
         <load_address>0xf20c</load_address>
         <run_address>0xf20c</run_address>
         <size>0x114</size>
         <input_file_ref idref="fl-3"/>
      </object_component>
      <object_component id="oc-b1">
         <name>.text</name>
         <load_address>0xf320</load_address>
         <run_address>0xf320</run_address>
         <size>0xe8</size>
         <input_file_ref idref="fl-2"/>
      </object_component>
      <object_component id="oc-1af">
         <name>.text</name>
         <load_address>0xf408</load_address>
         <run_address>0xf408</run_address>
         <size>0xe0</size>
         <input_file_ref idref="fl-34"/>
      </object_component>
      <object_component id="oc-e3">
         <name>.text</name>
         <load_address>0xf4e8</load_address>
         <run_address>0xf4e8</run_address>
         <size>0xe0</size>
         <input_file_ref idref="fl-1a"/>
      </object_component>
      <object_component id="oc-99">
         <name>.text</name>
         <load_address>0xf5c8</load_address>
         <run_address>0xf5c8</run_address>
         <size>0xa0</size>
         <input_file_ref idref="fl-4"/>
      </object_component>
      <object_component id="oc-57">
         <name>.text</name>
         <load_address>0xf668</load_address>
         <run_address>0xf668</run_address>
         <size>0x9c</size>
         <input_file_ref idref="fl-32"/>
      </object_component>
      <object_component id="oc-63">
         <name>.text</name>
         <load_address>0xf704</load_address>
         <run_address>0xf704</run_address>
         <size>0x7a</size>
         <input_file_ref idref="fl-33"/>
      </object_component>
      <object_component id="oc-f7">
         <name>.text</name>
         <load_address>0xf77e</load_address>
         <run_address>0xf77e</run_address>
         <size>0x2</size>
         <input_file_ref idref="fl-35"/>
      </object_component>
      <object_component id="oc-86">
         <name>.text</name>
         <load_address>0xf780</load_address>
         <run_address>0xf780</run_address>
         <size>0x70</size>
         <input_file_ref idref="fl-2c"/>
      </object_component>
      <object_component id="oc-e">
         <name>.text:decompress:lzss</name>
         <load_address>0xf7f0</load_address>
         <run_address>0xf7f0</run_address>
         <size>0x6c</size>
         <input_file_ref idref="fl-2d"/>
      </object_component>
      <object_component id="oc-92">
         <name>.text</name>
         <load_address>0xf85c</load_address>
         <run_address>0xf85c</run_address>
         <size>0x50</size>
         <input_file_ref idref="fl-31"/>
      </object_component>
      <object_component id="oc-f1">
         <name>.text</name>
         <load_address>0xf8ac</load_address>
         <run_address>0xf8ac</run_address>
         <size>0x4c</size>
         <input_file_ref idref="fl-30"/>
      </object_component>
      <object_component id="oc-8c">
         <name>.text</name>
         <load_address>0xf8f8</load_address>
         <run_address>0xf8f8</run_address>
         <size>0x48</size>
         <input_file_ref idref="fl-15"/>
      </object_component>
      <object_component id="oc-1ce">
         <name>.text</name>
         <load_address>0xf940</load_address>
         <run_address>0xf940</run_address>
         <size>0x14</size>
         <input_file_ref idref="fl-37"/>
      </object_component>
      <object_component id="oc-14">
         <name>.text:decompress:none</name>
         <load_address>0xf954</load_address>
         <run_address>0xf954</run_address>
         <size>0xe</size>
         <input_file_ref idref="fl-2e"/>
      </object_component>
      <object_component id="oc-1a">
         <name>.text:decompress:ZI</name>
         <load_address>0xf962</load_address>
         <run_address>0xf962</run_address>
         <size>0xc</size>
         <input_file_ref idref="fl-2f"/>
      </object_component>
      <object_component id="oc-3a">
         <name>.text:retain</name>
         <load_address>0xf970</load_address>
         <run_address>0xf970</run_address>
         <size>0x4</size>
         <input_file_ref idref="fl-18"/>
      </object_component>
      <object_component id="oc-2c">
         <name>.const:s_vim_init</name>
         <load_address>0xf974</load_address>
         <run_address>0xf974</run_address>
         <size>0x200</size>
         <input_file_ref idref="fl-1d"/>
      </object_component>
      <object_component id="oc-24d">
         <name>.const</name>
         <load_address>0xfb74</load_address>
         <run_address>0xfb74</run_address>
         <size>0x4</size>
         <input_file_ref idref="fl-7"/>
      </object_component>
      <object_component id="oc-12c">
         <name>.kernelBSS</name>
         <load_address>0x8000900</load_address>
         <run_address>0x8000900</run_address>
         <size>0x8</size>
         <input_file_ref idref="fl-a"/>
      </object_component>
      <object_component id="oc-129">
         <name>.kernelBSS:init</name>
         <load_address>0x80008d0</load_address>
         <run_address>0x80008d0</run_address>
         <size>0x30</size>
         <input_file_ref idref="fl-d"/>
      </object_component>
      <object_component id="oc-1f3">
         <name>.kernelBSS:uninit</name>
         <load_address>0x8000800</load_address>
         <run_address>0x8000800</run_address>
         <size>0xd0</size>
         <input_file_ref idref="fl-d"/>
      </object_component>
      <object_component id="oc-27b">
         <name>.kernelHEAP</name>
         <uninitialized>true</uninitialized>
         <run_address>0x8001000</run_address>
         <size>0x2000</size>
         <input_file_ref idref="fl-7"/>
      </object_component>
      <object_component id="oc-250">
         <name>.bss:xStart</name>
         <uninitialized>true</uninitialized>
         <run_address>0x8003028</run_address>
         <size>0x8</size>
         <input_file_ref idref="fl-7"/>
      </object_component>
      <object_component id="oc-ad">
         <name>.bss:g_sciTransfer_t</name>
         <uninitialized>true</uninitialized>
         <run_address>0x8003000</run_address>
         <size>0x28</size>
         <input_file_ref idref="fl-11"/>
      </object_component>
      <object_component id="oc-105">
         <name>.common:command</name>
         <uninitialized>true</uninitialized>
         <run_address>0x8003030</run_address>
         <size>0x1</size>
      </object_component>
      <object_component id="oc-24a">
         <name>.data</name>
         <load_address>0x8003034</load_address>
         <run_address>0x8003034</run_address>
         <size>0x10</size>
         <input_file_ref idref="fl-7"/>
      </object_component>
      <object_component id="oc-10e">
         <name>.data:$O1$$</name>
         <load_address>0x8003044</load_address>
         <run_address>0x8003044</run_address>
         <size>0xc</size>
         <input_file_ref idref="fl-31"/>
      </object_component>
      <object_component id="oc-111">
         <name>.data:$O1$$</name>
         <load_address>0x8003050</load_address>
         <run_address>0x8003050</run_address>
         <size>0x8</size>
         <input_file_ref idref="fl-37"/>
      </object_component>
      <object_component id="oc-b2">
         <name>.debug_info</name>
         <load_address>0x0</load_address>
         <run_address>0x0</run_address>
         <size>0xec</size>
         <input_file_ref idref="fl-2"/>
      </object_component>
      <object_component id="oc-f0">
         <name>.debug_info</name>
         <load_address>0xec</load_address>
         <run_address>0xec</run_address>
         <size>0x154</size>
         <input_file_ref idref="fl-3"/>
      </object_component>
      <object_component id="oc-81">
         <name>.debug_info</name>
         <load_address>0x240</load_address>
         <run_address>0x240</run_address>
         <size>0xb15</size>
         <input_file_ref idref="fl-3"/>
      </object_component>
      <object_component id="oc-27">
         <name>.debug_info</name>
         <load_address>0xd55</load_address>
         <run_address>0xd55</run_address>
         <size>0x175</size>
         <input_file_ref idref="fl-3"/>
      </object_component>
      <object_component id="oc-a0">
         <name>.debug_info</name>
         <load_address>0xeca</load_address>
         <run_address>0xeca</run_address>
         <size>0x157</size>
         <input_file_ref idref="fl-3"/>
      </object_component>
      <object_component id="oc-109">
         <name>.debug_info</name>
         <load_address>0x1021</load_address>
         <run_address>0x1021</run_address>
         <size>0x8b</size>
         <input_file_ref idref="fl-3"/>
      </object_component>
      <object_component id="oc-ba">
         <name>.debug_info</name>
         <load_address>0x10ac</load_address>
         <run_address>0x10ac</run_address>
         <size>0x18c</size>
         <input_file_ref idref="fl-3"/>
      </object_component>
      <object_component id="oc-11e">
         <name>.debug_info</name>
         <load_address>0x1238</load_address>
         <run_address>0x1238</run_address>
         <size>0x18b</size>
         <input_file_ref idref="fl-3"/>
      </object_component>
      <object_component id="oc-bf">
         <name>.debug_info</name>
         <load_address>0x13c3</load_address>
         <run_address>0x13c3</run_address>
         <size>0x86</size>
         <input_file_ref idref="fl-3"/>
      </object_component>
      <object_component id="oc-132">
         <name>.debug_info</name>
         <load_address>0x1449</load_address>
         <run_address>0x1449</run_address>
         <size>0x1de</size>
         <input_file_ref idref="fl-3"/>
      </object_component>
      <object_component id="oc-eb">
         <name>.debug_info</name>
         <load_address>0x1627</load_address>
         <run_address>0x1627</run_address>
         <size>0x129</size>
         <input_file_ref idref="fl-3"/>
      </object_component>
      <object_component id="oc-14b">
         <name>.debug_info</name>
         <load_address>0x1750</load_address>
         <run_address>0x1750</run_address>
         <size>0x2d0</size>
         <input_file_ref idref="fl-3"/>
      </object_component>
      <object_component id="oc-118">
         <name>.debug_info</name>
         <load_address>0x1a20</load_address>
         <run_address>0x1a20</run_address>
         <size>0x34c</size>
         <input_file_ref idref="fl-4"/>
      </object_component>
      <object_component id="oc-9a">
         <name>.debug_info</name>
         <load_address>0x1d6c</load_address>
         <run_address>0x1d6c</run_address>
         <size>0x66e</size>
         <input_file_ref idref="fl-4"/>
      </object_component>
      <object_component id="oc-15f">
         <name>.debug_info</name>
         <load_address>0x23da</load_address>
         <run_address>0x23da</run_address>
         <size>0x791</size>
         <input_file_ref idref="fl-4"/>
      </object_component>
      <object_component id="oc-164">
         <name>.debug_info</name>
         <load_address>0x2b6b</load_address>
         <run_address>0x2b6b</run_address>
         <size>0x4de</size>
         <input_file_ref idref="fl-4"/>
      </object_component>
      <object_component id="oc-169">
         <name>.debug_info</name>
         <load_address>0x3049</load_address>
         <run_address>0x3049</run_address>
         <size>0x3ce</size>
         <input_file_ref idref="fl-4"/>
      </object_component>
      <object_component id="oc-1dc">
         <name>.debug_info</name>
         <load_address>0x3417</load_address>
         <run_address>0x3417</run_address>
         <size>0x7cd</size>
         <input_file_ref idref="fl-4"/>
      </object_component>
      <object_component id="oc-119">
         <name>.debug_info</name>
         <load_address>0x3be4</load_address>
         <run_address>0x3be4</run_address>
         <size>0x673</size>
         <input_file_ref idref="fl-4"/>
      </object_component>
      <object_component id="oc-d3">
         <name>.debug_info</name>
         <load_address>0x4257</load_address>
         <run_address>0x4257</run_address>
         <size>0x2c</size>
         <input_file_ref idref="fl-4"/>
      </object_component>
      <object_component id="oc-16e">
         <name>.debug_info</name>
         <load_address>0x4283</load_address>
         <run_address>0x4283</run_address>
         <size>0x437</size>
         <input_file_ref idref="fl-4"/>
      </object_component>
      <object_component id="oc-199">
         <name>.debug_info</name>
         <load_address>0x46ba</load_address>
         <run_address>0x46ba</run_address>
         <size>0x37b</size>
         <input_file_ref idref="fl-4"/>
      </object_component>
      <object_component id="oc-173">
         <name>.debug_info</name>
         <load_address>0x4a35</load_address>
         <run_address>0x4a35</run_address>
         <size>0x1ca</size>
         <input_file_ref idref="fl-4"/>
      </object_component>
      <object_component id="oc-137">
         <name>.debug_info</name>
         <load_address>0x4bff</load_address>
         <run_address>0x4bff</run_address>
         <size>0x435</size>
         <input_file_ref idref="fl-4"/>
      </object_component>
      <object_component id="oc-18c">
         <name>.debug_info</name>
         <load_address>0x5034</load_address>
         <run_address>0x5034</run_address>
         <size>0x551</size>
         <input_file_ref idref="fl-4"/>
      </object_component>
      <object_component id="oc-13c">
         <name>.debug_info</name>
         <load_address>0x5585</load_address>
         <run_address>0x5585</run_address>
         <size>0x1f9</size>
         <input_file_ref idref="fl-4"/>
      </object_component>
      <object_component id="oc-178">
         <name>.debug_info</name>
         <load_address>0x577e</load_address>
         <run_address>0x577e</run_address>
         <size>0x3d3</size>
         <input_file_ref idref="fl-4"/>
      </object_component>
      <object_component id="oc-182">
         <name>.debug_info</name>
         <load_address>0x5b51</load_address>
         <run_address>0x5b51</run_address>
         <size>0x1de</size>
         <input_file_ref idref="fl-4"/>
      </object_component>
      <object_component id="oc-1bd">
         <name>.debug_info</name>
         <load_address>0x5d2f</load_address>
         <run_address>0x5d2f</run_address>
         <size>0x243</size>
         <input_file_ref idref="fl-4"/>
      </object_component>
      <object_component id="oc-20e">
         <name>.debug_info</name>
         <load_address>0x5f72</load_address>
         <run_address>0x5f72</run_address>
         <size>0x18e</size>
         <input_file_ref idref="fl-4"/>
      </object_component>
      <object_component id="oc-191">
         <name>.debug_info</name>
         <load_address>0x6100</load_address>
         <run_address>0x6100</run_address>
         <size>0x17a</size>
         <input_file_ref idref="fl-4"/>
      </object_component>
      <object_component id="oc-141">
         <name>.debug_info</name>
         <load_address>0x627a</load_address>
         <run_address>0x627a</run_address>
         <size>0x6a6</size>
         <input_file_ref idref="fl-4"/>
      </object_component>
      <object_component id="oc-146">
         <name>.debug_info</name>
         <load_address>0x6920</load_address>
         <run_address>0x6920</run_address>
         <size>0x13e</size>
         <input_file_ref idref="fl-4"/>
      </object_component>
      <object_component id="oc-22e">
         <name>.debug_info</name>
         <load_address>0x6a5e</load_address>
         <run_address>0x6a5e</run_address>
         <size>0x334</size>
         <input_file_ref idref="fl-5"/>
      </object_component>
      <object_component id="oc-1c7">
         <name>.debug_info</name>
         <load_address>0x6d92</load_address>
         <run_address>0x6d92</run_address>
         <size>0x2ef</size>
         <input_file_ref idref="fl-5"/>
      </object_component>
      <object_component id="oc-1b8">
         <name>.debug_info</name>
         <load_address>0x7081</load_address>
         <run_address>0x7081</run_address>
         <size>0xe1</size>
         <input_file_ref idref="fl-5"/>
      </object_component>
      <object_component id="oc-52">
         <name>.debug_info</name>
         <load_address>0x7162</load_address>
         <run_address>0x7162</run_address>
         <size>0x84</size>
         <input_file_ref idref="fl-5"/>
      </object_component>
      <object_component id="oc-26c">
         <name>.debug_info</name>
         <load_address>0x71e6</load_address>
         <run_address>0x71e6</run_address>
         <size>0xcc</size>
         <input_file_ref idref="fl-5"/>
      </object_component>
      <object_component id="oc-1fd">
         <name>.debug_info</name>
         <load_address>0x72b2</load_address>
         <run_address>0x72b2</run_address>
         <size>0x2c</size>
         <input_file_ref idref="fl-5"/>
      </object_component>
      <object_component id="oc-271">
         <name>.debug_info</name>
         <load_address>0x72de</load_address>
         <run_address>0x72de</run_address>
         <size>0x46</size>
         <input_file_ref idref="fl-5"/>
      </object_component>
      <object_component id="oc-1c2">
         <name>.debug_info</name>
         <load_address>0x7324</load_address>
         <run_address>0x7324</run_address>
         <size>0x14c</size>
         <input_file_ref idref="fl-5"/>
      </object_component>
      <object_component id="oc-28c">
         <name>.debug_info</name>
         <load_address>0x7470</load_address>
         <run_address>0x7470</run_address>
         <size>0x442</size>
         <input_file_ref idref="fl-6"/>
      </object_component>
      <object_component id="oc-255">
         <name>.debug_info</name>
         <load_address>0x78b2</load_address>
         <run_address>0x78b2</run_address>
         <size>0x110</size>
         <input_file_ref idref="fl-6"/>
      </object_component>
      <object_component id="oc-291">
         <name>.debug_info</name>
         <load_address>0x79c2</load_address>
         <run_address>0x79c2</run_address>
         <size>0x39</size>
         <input_file_ref idref="fl-6"/>
      </object_component>
      <object_component id="oc-25c">
         <name>.debug_info</name>
         <load_address>0x79fb</load_address>
         <run_address>0x79fb</run_address>
         <size>0x46</size>
         <input_file_ref idref="fl-6"/>
      </object_component>
      <object_component id="oc-296">
         <name>.debug_info</name>
         <load_address>0x7a41</load_address>
         <run_address>0x7a41</run_address>
         <size>0x62</size>
         <input_file_ref idref="fl-6"/>
      </object_component>
      <object_component id="oc-254">
         <name>.debug_info</name>
         <load_address>0x7aa3</load_address>
         <run_address>0x7aa3</run_address>
         <size>0x1ef</size>
         <input_file_ref idref="fl-7"/>
      </object_component>
      <object_component id="oc-27c">
         <name>.debug_info</name>
         <load_address>0x7c92</load_address>
         <run_address>0x7c92</run_address>
         <size>0xc6</size>
         <input_file_ref idref="fl-7"/>
      </object_component>
      <object_component id="oc-24e">
         <name>.debug_info</name>
         <load_address>0x7d58</load_address>
         <run_address>0x7d58</run_address>
         <size>0xd8</size>
         <input_file_ref idref="fl-7"/>
      </object_component>
      <object_component id="oc-251">
         <name>.debug_info</name>
         <load_address>0x7e30</load_address>
         <run_address>0x7e30</run_address>
         <size>0xc6</size>
         <input_file_ref idref="fl-7"/>
      </object_component>
      <object_component id="oc-24b">
         <name>.debug_info</name>
         <load_address>0x7ef6</load_address>
         <run_address>0x7ef6</run_address>
         <size>0x17a</size>
         <input_file_ref idref="fl-7"/>
      </object_component>
      <object_component id="oc-1f8">
         <name>.debug_info</name>
         <load_address>0x8070</load_address>
         <run_address>0x8070</run_address>
         <size>0x523</size>
         <input_file_ref idref="fl-7"/>
      </object_component>
      <object_component id="oc-247">
         <name>.debug_info</name>
         <load_address>0x8593</load_address>
         <run_address>0x8593</run_address>
         <size>0x29d</size>
         <input_file_ref idref="fl-7"/>
      </object_component>
      <object_component id="oc-285">
         <name>.debug_info</name>
         <load_address>0x8830</load_address>
         <run_address>0x8830</run_address>
         <size>0x62</size>
         <input_file_ref idref="fl-7"/>
      </object_component>
      <object_component id="oc-23b">
         <name>.debug_info</name>
         <load_address>0x8892</load_address>
         <run_address>0x8892</run_address>
         <size>0x125</size>
         <input_file_ref idref="fl-8"/>
      </object_component>
      <object_component id="oc-1e8">
         <name>.debug_info</name>
         <load_address>0x89b7</load_address>
         <run_address>0x89b7</run_address>
         <size>0x4a4</size>
         <input_file_ref idref="fl-8"/>
      </object_component>
      <object_component id="oc-239">
         <name>.debug_info</name>
         <load_address>0x8e5b</load_address>
         <run_address>0x8e5b</run_address>
         <size>0x243</size>
         <input_file_ref idref="fl-a"/>
      </object_component>
      <object_component id="oc-12d">
         <name>.debug_info</name>
         <load_address>0x909e</load_address>
         <run_address>0x909e</run_address>
         <size>0x114</size>
         <input_file_ref idref="fl-a"/>
      </object_component>
      <object_component id="oc-1e2">
         <name>.debug_info</name>
         <load_address>0x91b2</load_address>
         <run_address>0x91b2</run_address>
         <size>0x5a8</size>
         <input_file_ref idref="fl-a"/>
      </object_component>
      <object_component id="oc-233">
         <name>.debug_info</name>
         <load_address>0x975a</load_address>
         <run_address>0x975a</run_address>
         <size>0x34d</size>
         <input_file_ref idref="fl-a"/>
      </object_component>
      <object_component id="oc-a8">
         <name>.debug_info</name>
         <load_address>0x9aa7</load_address>
         <run_address>0x9aa7</run_address>
         <size>0x4cd</size>
         <input_file_ref idref="fl-b"/>
      </object_component>
      <object_component id="oc-202">
         <name>.debug_info</name>
         <load_address>0x9f74</load_address>
         <run_address>0x9f74</run_address>
         <size>0x5d1</size>
         <input_file_ref idref="fl-d"/>
      </object_component>
      <object_component id="oc-12a">
         <name>.debug_info</name>
         <load_address>0xa545</load_address>
         <run_address>0xa545</run_address>
         <size>0x2e1</size>
         <input_file_ref idref="fl-d"/>
      </object_component>
      <object_component id="oc-1f4">
         <name>.debug_info</name>
         <load_address>0xa826</load_address>
         <run_address>0xa826</run_address>
         <size>0x25b</size>
         <input_file_ref idref="fl-d"/>
      </object_component>
      <object_component id="oc-124">
         <name>.debug_info</name>
         <load_address>0xaa81</load_address>
         <run_address>0xaa81</run_address>
         <size>0x306e</size>
         <input_file_ref idref="fl-d"/>
      </object_component>
      <object_component id="oc-1f0">
         <name>.debug_info</name>
         <load_address>0xdaef</load_address>
         <run_address>0xdaef</run_address>
         <size>0xd8d</size>
         <input_file_ref idref="fl-d"/>
      </object_component>
      <object_component id="oc-23d">
         <name>.debug_info</name>
         <load_address>0xe87c</load_address>
         <run_address>0xe87c</run_address>
         <size>0x146</size>
         <input_file_ref idref="fl-d"/>
      </object_component>
      <object_component id="oc-15c">
         <name>.debug_info</name>
         <load_address>0xe9c2</load_address>
         <run_address>0xe9c2</run_address>
         <size>0xbe</size>
         <input_file_ref idref="fl-f"/>
      </object_component>
      <object_component id="oc-dd">
         <name>.debug_info</name>
         <load_address>0xea80</load_address>
         <run_address>0xea80</run_address>
         <size>0x1d3</size>
         <input_file_ref idref="fl-f"/>
      </object_component>
      <object_component id="oc-17d">
         <name>.debug_info</name>
         <load_address>0xec53</load_address>
         <run_address>0xec53</run_address>
         <size>0x508</size>
         <input_file_ref idref="fl-f"/>
      </object_component>
      <object_component id="oc-215">
         <name>.debug_info</name>
         <load_address>0xf15b</load_address>
         <run_address>0xf15b</run_address>
         <size>0x43c</size>
         <input_file_ref idref="fl-f"/>
      </object_component>
      <object_component id="oc-157">
         <name>.debug_info</name>
         <load_address>0xf597</load_address>
         <run_address>0xf597</run_address>
         <size>0x1a8</size>
         <input_file_ref idref="fl-11"/>
      </object_component>
      <object_component id="oc-ae">
         <name>.debug_info</name>
         <load_address>0xf73f</load_address>
         <run_address>0xf73f</run_address>
         <size>0xd4</size>
         <input_file_ref idref="fl-11"/>
      </object_component>
      <object_component id="oc-100">
         <name>.debug_info</name>
         <load_address>0xf813</load_address>
         <run_address>0xf813</run_address>
         <size>0xc24</size>
         <input_file_ref idref="fl-11"/>
      </object_component>
      <object_component id="oc-30">
         <name>.debug_info</name>
         <load_address>0x10437</load_address>
         <run_address>0x10437</run_address>
         <size>0x1fb</size>
         <input_file_ref idref="fl-11"/>
      </object_component>
      <object_component id="oc-209">
         <name>.debug_info</name>
         <load_address>0x10632</load_address>
         <run_address>0x10632</run_address>
         <size>0x91</size>
         <input_file_ref idref="fl-11"/>
      </object_component>
      <object_component id="oc-72">
         <name>.debug_info</name>
         <load_address>0x106c3</load_address>
         <run_address>0x106c3</run_address>
         <size>0x7e1</size>
         <input_file_ref idref="fl-12"/>
      </object_component>
      <object_component id="oc-37">
         <name>.debug_info</name>
         <load_address>0x10ea4</load_address>
         <run_address>0x10ea4</run_address>
         <size>0xf4</size>
         <input_file_ref idref="fl-14"/>
      </object_component>
      <object_component id="oc-106">
         <name>.debug_info</name>
         <load_address>0x10f98</load_address>
         <run_address>0x10f98</run_address>
         <size>0x1f4</size>
         <input_file_ref idref="fl-15"/>
      </object_component>
      <object_component id="oc-8e">
         <name>.debug_info</name>
         <load_address>0x1118c</load_address>
         <run_address>0x1118c</run_address>
         <size>0x12f</size>
         <input_file_ref idref="fl-15"/>
      </object_component>
      <object_component id="oc-21a">
         <name>.debug_info</name>
         <load_address>0x112bb</load_address>
         <run_address>0x112bb</run_address>
         <size>0xdd</size>
         <input_file_ref idref="fl-17"/>
      </object_component>
      <object_component id="oc-263">
         <name>.debug_info</name>
         <load_address>0x11398</load_address>
         <run_address>0x11398</run_address>
         <size>0x242</size>
         <input_file_ref idref="fl-17"/>
      </object_component>
      <object_component id="oc-187">
         <name>.debug_info</name>
         <load_address>0x115da</load_address>
         <run_address>0x115da</run_address>
         <size>0x2af</size>
         <input_file_ref idref="fl-17"/>
      </object_component>
      <object_component id="oc-3b">
         <name>.debug_info</name>
         <load_address>0x11889</load_address>
         <run_address>0x11889</run_address>
         <size>0x126</size>
         <input_file_ref idref="fl-18"/>
      </object_component>
      <object_component id="oc-e4">
         <name>.debug_info</name>
         <load_address>0x119af</load_address>
         <run_address>0x119af</run_address>
         <size>0x353</size>
         <input_file_ref idref="fl-1a"/>
      </object_component>
      <object_component id="oc-e9">
         <name>.debug_info</name>
         <load_address>0x11d02</load_address>
         <run_address>0x11d02</run_address>
         <size>0x4ad</size>
         <input_file_ref idref="fl-1b"/>
      </object_component>
      <object_component id="oc-7b">
         <name>.debug_info</name>
         <load_address>0x121af</load_address>
         <run_address>0x121af</run_address>
         <size>0x2e78</size>
         <input_file_ref idref="fl-1b"/>
      </object_component>
      <object_component id="oc-21">
         <name>.debug_info</name>
         <load_address>0x15027</load_address>
         <run_address>0x15027</run_address>
         <size>0x591</size>
         <input_file_ref idref="fl-1c"/>
      </object_component>
      <object_component id="oc-ac">
         <name>.debug_info</name>
         <load_address>0x155b8</load_address>
         <run_address>0x155b8</run_address>
         <size>0x317</size>
         <input_file_ref idref="fl-1d"/>
      </object_component>
      <object_component id="oc-2d">
         <name>.debug_info</name>
         <load_address>0x158cf</load_address>
         <run_address>0x158cf</run_address>
         <size>0xce</size>
         <input_file_ref idref="fl-1d"/>
      </object_component>
      <object_component id="oc-46">
         <name>.debug_info</name>
         <load_address>0x1599d</load_address>
         <run_address>0x1599d</run_address>
         <size>0x460</size>
         <input_file_ref idref="fl-1d"/>
      </object_component>
      <object_component id="oc-41">
         <name>.debug_info</name>
         <load_address>0x15dfd</load_address>
         <run_address>0x15dfd</run_address>
         <size>0x1e9</size>
         <input_file_ref idref="fl-1d"/>
      </object_component>
      <object_component id="oc-150">
         <name>.debug_info</name>
         <load_address>0x15fe6</load_address>
         <run_address>0x15fe6</run_address>
         <size>0x4f</size>
         <input_file_ref idref="fl-1d"/>
      </object_component>
      <object_component id="oc-e2">
         <name>.debug_info</name>
         <load_address>0x16035</load_address>
         <run_address>0x16035</run_address>
         <size>0x35a</size>
         <input_file_ref idref="fl-1e"/>
      </object_component>
      <object_component id="oc-75">
         <name>.debug_info</name>
         <load_address>0x1638f</load_address>
         <run_address>0x1638f</run_address>
         <size>0x71f</size>
         <input_file_ref idref="fl-1e"/>
      </object_component>
      <object_component id="oc-fe">
         <name>.debug_info</name>
         <load_address>0x16aae</load_address>
         <run_address>0x16aae</run_address>
         <size>0x2e9</size>
         <input_file_ref idref="fl-2c"/>
      </object_component>
      <object_component id="oc-87">
         <name>.debug_info</name>
         <load_address>0x16d97</load_address>
         <run_address>0x16d97</run_address>
         <size>0x190</size>
         <input_file_ref idref="fl-2c"/>
      </object_component>
      <object_component id="oc-1a5">
         <name>.debug_info</name>
         <load_address>0x16f27</load_address>
         <run_address>0x16f27</run_address>
         <size>0x39</size>
         <input_file_ref idref="fl-2c"/>
      </object_component>
      <object_component id="oc-222">
         <name>.debug_info</name>
         <load_address>0x16f60</load_address>
         <run_address>0x16f60</run_address>
         <size>0x39</size>
         <input_file_ref idref="fl-2c"/>
      </object_component>
      <object_component id="oc-1aa">
         <name>.debug_info</name>
         <load_address>0x16f99</load_address>
         <run_address>0x16f99</run_address>
         <size>0xcd</size>
         <input_file_ref idref="fl-2c"/>
      </object_component>
      <object_component id="oc-c9">
         <name>.debug_info</name>
         <load_address>0x17066</load_address>
         <run_address>0x17066</run_address>
         <size>0xf9</size>
         <input_file_ref idref="fl-2d"/>
      </object_component>
      <object_component id="oc-10">
         <name>.debug_info</name>
         <load_address>0x1715f</load_address>
         <run_address>0x1715f</run_address>
         <size>0x245</size>
         <input_file_ref idref="fl-2d"/>
      </object_component>
      <object_component id="oc-4d">
         <name>.debug_info</name>
         <load_address>0x173a4</load_address>
         <run_address>0x173a4</run_address>
         <size>0x60</size>
         <input_file_ref idref="fl-2d"/>
      </object_component>
      <object_component id="oc-c4">
         <name>.debug_info</name>
         <load_address>0x17404</load_address>
         <run_address>0x17404</run_address>
         <size>0x46</size>
         <input_file_ref idref="fl-2d"/>
      </object_component>
      <object_component id="oc-62">
         <name>.debug_info</name>
         <load_address>0x1744a</load_address>
         <run_address>0x1744a</run_address>
         <size>0x13b</size>
         <input_file_ref idref="fl-2e"/>
      </object_component>
      <object_component id="oc-15">
         <name>.debug_info</name>
         <load_address>0x17585</load_address>
         <run_address>0x17585</run_address>
         <size>0x1ca</size>
         <input_file_ref idref="fl-2e"/>
      </object_component>
      <object_component id="oc-5d">
         <name>.debug_info</name>
         <load_address>0x1774f</load_address>
         <run_address>0x1774f</run_address>
         <size>0x46</size>
         <input_file_ref idref="fl-2e"/>
      </object_component>
      <object_component id="oc-cb">
         <name>.debug_info</name>
         <load_address>0x17795</load_address>
         <run_address>0x17795</run_address>
         <size>0x2c</size>
         <input_file_ref idref="fl-2e"/>
      </object_component>
      <object_component id="oc-6e">
         <name>.debug_info</name>
         <load_address>0x177c1</load_address>
         <run_address>0x177c1</run_address>
         <size>0x12f</size>
         <input_file_ref idref="fl-2f"/>
      </object_component>
      <object_component id="oc-1c">
         <name>.debug_info</name>
         <load_address>0x178f0</load_address>
         <run_address>0x178f0</run_address>
         <size>0x1aa</size>
         <input_file_ref idref="fl-2f"/>
      </object_component>
      <object_component id="oc-69">
         <name>.debug_info</name>
         <load_address>0x17a9a</load_address>
         <run_address>0x17a9a</run_address>
         <size>0x46</size>
         <input_file_ref idref="fl-2f"/>
      </object_component>
      <object_component id="oc-1a1">
         <name>.debug_info</name>
         <load_address>0x17ae0</load_address>
         <run_address>0x17ae0</run_address>
         <size>0x1e0</size>
         <input_file_ref idref="fl-30"/>
      </object_component>
      <object_component id="oc-f2">
         <name>.debug_info</name>
         <load_address>0x17cc0</load_address>
         <run_address>0x17cc0</run_address>
         <size>0x183</size>
         <input_file_ref idref="fl-30"/>
      </object_component>
      <object_component id="oc-21d">
         <name>.debug_info</name>
         <load_address>0x17e43</load_address>
         <run_address>0x17e43</run_address>
         <size>0x2c</size>
         <input_file_ref idref="fl-30"/>
      </object_component>
      <object_component id="oc-115">
         <name>.debug_info</name>
         <load_address>0x17e6f</load_address>
         <run_address>0x17e6f</run_address>
         <size>0x234</size>
         <input_file_ref idref="fl-31"/>
      </object_component>
      <object_component id="oc-10f">
         <name>.debug_info</name>
         <load_address>0x180a3</load_address>
         <run_address>0x180a3</run_address>
         <size>0x185</size>
         <input_file_ref idref="fl-31"/>
      </object_component>
      <object_component id="oc-93">
         <name>.debug_info</name>
         <load_address>0x18228</load_address>
         <run_address>0x18228</run_address>
         <size>0x214</size>
         <input_file_ref idref="fl-31"/>
      </object_component>
      <object_component id="oc-58">
         <name>.debug_info</name>
         <load_address>0x1843c</load_address>
         <run_address>0x1843c</run_address>
         <size>0x111</size>
         <input_file_ref idref="fl-32"/>
      </object_component>
      <object_component id="oc-64">
         <name>.debug_info</name>
         <load_address>0x1854d</load_address>
         <run_address>0x1854d</run_address>
         <size>0x13f</size>
         <input_file_ref idref="fl-33"/>
      </object_component>
      <object_component id="oc-22d">
         <name>.debug_info</name>
         <load_address>0x1868c</load_address>
         <run_address>0x1868c</run_address>
         <size>0x134</size>
         <input_file_ref idref="fl-34"/>
      </object_component>
      <object_component id="oc-1b1">
         <name>.debug_info</name>
         <load_address>0x187c0</load_address>
         <run_address>0x187c0</run_address>
         <size>0x195</size>
         <input_file_ref idref="fl-34"/>
      </object_component>
      <object_component id="oc-228">
         <name>.debug_info</name>
         <load_address>0x18955</load_address>
         <run_address>0x18955</run_address>
         <size>0x39</size>
         <input_file_ref idref="fl-34"/>
      </object_component>
      <object_component id="oc-f8">
         <name>.debug_info</name>
         <load_address>0x1898e</load_address>
         <run_address>0x1898e</run_address>
         <size>0x145</size>
         <input_file_ref idref="fl-35"/>
      </object_component>
      <object_component id="oc-1d6">
         <name>.debug_info</name>
         <load_address>0x18ad3</load_address>
         <run_address>0x18ad3</run_address>
         <size>0x124</size>
         <input_file_ref idref="fl-37"/>
      </object_component>
      <object_component id="oc-112">
         <name>.debug_info</name>
         <load_address>0x18bf7</load_address>
         <run_address>0x18bf7</run_address>
         <size>0x113</size>
         <input_file_ref idref="fl-37"/>
      </object_component>
      <object_component id="oc-1cf">
         <name>.debug_info</name>
         <load_address>0x18d0a</load_address>
         <run_address>0x18d0a</run_address>
         <size>0x21f</size>
         <input_file_ref idref="fl-37"/>
      </object_component>
      <object_component id="oc-2bf">
         <name>.debug_info</name>
         <load_address>0x18f29</load_address>
         <run_address>0x18f29</run_address>
         <size>0x93</size>
      </object_component>
      <object_component id="oc-b5">
         <name>.debug_line</name>
         <load_address>0x0</load_address>
         <run_address>0x0</run_address>
         <size>0x78</size>
         <input_file_ref idref="fl-2"/>
      </object_component>
      <object_component id="oc-19f">
         <name>.debug_line</name>
         <load_address>0x78</load_address>
         <run_address>0x78</run_address>
         <size>0x50</size>
         <input_file_ref idref="fl-3"/>
      </object_component>
      <object_component id="oc-85">
         <name>.debug_line</name>
         <load_address>0xc8</load_address>
         <run_address>0xc8</run_address>
         <size>0x289</size>
         <input_file_ref idref="fl-3"/>
      </object_component>
      <object_component id="oc-2b">
         <name>.debug_line</name>
         <load_address>0x351</load_address>
         <run_address>0x351</run_address>
         <size>0x6e</size>
         <input_file_ref idref="fl-3"/>
      </object_component>
      <object_component id="oc-a3">
         <name>.debug_line</name>
         <load_address>0x3bf</load_address>
         <run_address>0x3bf</run_address>
         <size>0x59</size>
         <input_file_ref idref="fl-3"/>
      </object_component>
      <object_component id="oc-10c">
         <name>.debug_line</name>
         <load_address>0x418</load_address>
         <run_address>0x418</run_address>
         <size>0x20</size>
         <input_file_ref idref="fl-3"/>
      </object_component>
      <object_component id="oc-bd">
         <name>.debug_line</name>
         <load_address>0x438</load_address>
         <run_address>0x438</run_address>
         <size>0x54</size>
         <input_file_ref idref="fl-3"/>
      </object_component>
      <object_component id="oc-121">
         <name>.debug_line</name>
         <load_address>0x48c</load_address>
         <run_address>0x48c</run_address>
         <size>0x65</size>
         <input_file_ref idref="fl-3"/>
      </object_component>
      <object_component id="oc-c2">
         <name>.debug_line</name>
         <load_address>0x4f1</load_address>
         <run_address>0x4f1</run_address>
         <size>0x57</size>
         <input_file_ref idref="fl-3"/>
      </object_component>
      <object_component id="oc-135">
         <name>.debug_line</name>
         <load_address>0x548</load_address>
         <run_address>0x548</run_address>
         <size>0x54</size>
         <input_file_ref idref="fl-3"/>
      </object_component>
      <object_component id="oc-ee">
         <name>.debug_line</name>
         <load_address>0x59c</load_address>
         <run_address>0x59c</run_address>
         <size>0x50</size>
         <input_file_ref idref="fl-3"/>
      </object_component>
      <object_component id="oc-14e">
         <name>.debug_line</name>
         <load_address>0x5ec</load_address>
         <run_address>0x5ec</run_address>
         <size>0x54</size>
         <input_file_ref idref="fl-3"/>
      </object_component>
      <object_component id="oc-1db">
         <name>.debug_line</name>
         <load_address>0x640</load_address>
         <run_address>0x640</run_address>
         <size>0x6c</size>
         <input_file_ref idref="fl-4"/>
      </object_component>
      <object_component id="oc-9d">
         <name>.debug_line</name>
         <load_address>0x6ac</load_address>
         <run_address>0x6ac</run_address>
         <size>0xcc</size>
         <input_file_ref idref="fl-4"/>
      </object_component>
      <object_component id="oc-162">
         <name>.debug_line</name>
         <load_address>0x778</load_address>
         <run_address>0x778</run_address>
         <size>0x54</size>
         <input_file_ref idref="fl-4"/>
      </object_component>
      <object_component id="oc-167">
         <name>.debug_line</name>
         <load_address>0x7cc</load_address>
         <run_address>0x7cc</run_address>
         <size>0x57</size>
         <input_file_ref idref="fl-4"/>
      </object_component>
      <object_component id="oc-16c">
         <name>.debug_line</name>
         <load_address>0x823</load_address>
         <run_address>0x823</run_address>
         <size>0x54</size>
         <input_file_ref idref="fl-4"/>
      </object_component>
      <object_component id="oc-1df">
         <name>.debug_line</name>
         <load_address>0x877</load_address>
         <run_address>0x877</run_address>
         <size>0x54</size>
         <input_file_ref idref="fl-4"/>
      </object_component>
      <object_component id="oc-11c">
         <name>.debug_line</name>
         <load_address>0x8cb</load_address>
         <run_address>0x8cb</run_address>
         <size>0x54</size>
         <input_file_ref idref="fl-4"/>
      </object_component>
      <object_component id="oc-d6">
         <name>.debug_line</name>
         <load_address>0x91f</load_address>
         <run_address>0x91f</run_address>
         <size>0x65</size>
         <input_file_ref idref="fl-4"/>
      </object_component>
      <object_component id="oc-171">
         <name>.debug_line</name>
         <load_address>0x984</load_address>
         <run_address>0x984</run_address>
         <size>0x54</size>
         <input_file_ref idref="fl-4"/>
      </object_component>
      <object_component id="oc-19c">
         <name>.debug_line</name>
         <load_address>0x9d8</load_address>
         <run_address>0x9d8</run_address>
         <size>0x59</size>
         <input_file_ref idref="fl-4"/>
      </object_component>
      <object_component id="oc-176">
         <name>.debug_line</name>
         <load_address>0xa31</load_address>
         <run_address>0xa31</run_address>
         <size>0x54</size>
         <input_file_ref idref="fl-4"/>
      </object_component>
      <object_component id="oc-13a">
         <name>.debug_line</name>
         <load_address>0xa85</load_address>
         <run_address>0xa85</run_address>
         <size>0x56</size>
         <input_file_ref idref="fl-4"/>
      </object_component>
      <object_component id="oc-18f">
         <name>.debug_line</name>
         <load_address>0xadb</load_address>
         <run_address>0xadb</run_address>
         <size>0x53</size>
         <input_file_ref idref="fl-4"/>
      </object_component>
      <object_component id="oc-13f">
         <name>.debug_line</name>
         <load_address>0xb2e</load_address>
         <run_address>0xb2e</run_address>
         <size>0x54</size>
         <input_file_ref idref="fl-4"/>
      </object_component>
      <object_component id="oc-17b">
         <name>.debug_line</name>
         <load_address>0xb82</load_address>
         <run_address>0xb82</run_address>
         <size>0x54</size>
         <input_file_ref idref="fl-4"/>
      </object_component>
      <object_component id="oc-185">
         <name>.debug_line</name>
         <load_address>0xbd6</load_address>
         <run_address>0xbd6</run_address>
         <size>0x56</size>
         <input_file_ref idref="fl-4"/>
      </object_component>
      <object_component id="oc-1c0">
         <name>.debug_line</name>
         <load_address>0xc2c</load_address>
         <run_address>0xc2c</run_address>
         <size>0x54</size>
         <input_file_ref idref="fl-4"/>
      </object_component>
      <object_component id="oc-211">
         <name>.debug_line</name>
         <load_address>0xc80</load_address>
         <run_address>0xc80</run_address>
         <size>0x50</size>
         <input_file_ref idref="fl-4"/>
      </object_component>
      <object_component id="oc-194">
         <name>.debug_line</name>
         <load_address>0xcd0</load_address>
         <run_address>0xcd0</run_address>
         <size>0x54</size>
         <input_file_ref idref="fl-4"/>
      </object_component>
      <object_component id="oc-144">
         <name>.debug_line</name>
         <load_address>0xd24</load_address>
         <run_address>0xd24</run_address>
         <size>0x57</size>
         <input_file_ref idref="fl-4"/>
      </object_component>
      <object_component id="oc-149">
         <name>.debug_line</name>
         <load_address>0xd7b</load_address>
         <run_address>0xd7b</run_address>
         <size>0x56</size>
         <input_file_ref idref="fl-4"/>
      </object_component>
      <object_component id="oc-26b">
         <name>.debug_line</name>
         <load_address>0xdd1</load_address>
         <run_address>0xdd1</run_address>
         <size>0xf9</size>
         <input_file_ref idref="fl-5"/>
      </object_component>
      <object_component id="oc-1ca">
         <name>.debug_line</name>
         <load_address>0xeca</load_address>
         <run_address>0xeca</run_address>
         <size>0x54</size>
         <input_file_ref idref="fl-5"/>
      </object_component>
      <object_component id="oc-1bb">
         <name>.debug_line</name>
         <load_address>0xf1e</load_address>
         <run_address>0xf1e</run_address>
         <size>0x59</size>
         <input_file_ref idref="fl-5"/>
      </object_component>
      <object_component id="oc-55">
         <name>.debug_line</name>
         <load_address>0xf77</load_address>
         <run_address>0xf77</run_address>
         <size>0x20</size>
         <input_file_ref idref="fl-5"/>
      </object_component>
      <object_component id="oc-26f">
         <name>.debug_line</name>
         <load_address>0xf97</load_address>
         <run_address>0xf97</run_address>
         <size>0x58</size>
         <input_file_ref idref="fl-5"/>
      </object_component>
      <object_component id="oc-200">
         <name>.debug_line</name>
         <load_address>0xfef</load_address>
         <run_address>0xfef</run_address>
         <size>0x58</size>
         <input_file_ref idref="fl-5"/>
      </object_component>
      <object_component id="oc-274">
         <name>.debug_line</name>
         <load_address>0x1047</load_address>
         <run_address>0x1047</run_address>
         <size>0x65</size>
         <input_file_ref idref="fl-5"/>
      </object_component>
      <object_component id="oc-1c5">
         <name>.debug_line</name>
         <load_address>0x10ac</load_address>
         <run_address>0x10ac</run_address>
         <size>0x54</size>
         <input_file_ref idref="fl-5"/>
      </object_component>
      <object_component id="oc-290">
         <name>.debug_line</name>
         <load_address>0x1100</load_address>
         <run_address>0x1100</run_address>
         <size>0xf9</size>
         <input_file_ref idref="fl-6"/>
      </object_component>
      <object_component id="oc-258">
         <name>.debug_line</name>
         <load_address>0x11f9</load_address>
         <run_address>0x11f9</run_address>
         <size>0x65</size>
         <input_file_ref idref="fl-6"/>
      </object_component>
      <object_component id="oc-294">
         <name>.debug_line</name>
         <load_address>0x125e</load_address>
         <run_address>0x125e</run_address>
         <size>0x5c</size>
         <input_file_ref idref="fl-6"/>
      </object_component>
      <object_component id="oc-25f">
         <name>.debug_line</name>
         <load_address>0x12ba</load_address>
         <run_address>0x12ba</run_address>
         <size>0x55</size>
         <input_file_ref idref="fl-6"/>
      </object_component>
      <object_component id="oc-299">
         <name>.debug_line</name>
         <load_address>0x130f</load_address>
         <run_address>0x130f</run_address>
         <size>0x3f</size>
         <input_file_ref idref="fl-6"/>
      </object_component>
      <object_component id="oc-28b">
         <name>.debug_line</name>
         <load_address>0x134e</load_address>
         <run_address>0x134e</run_address>
         <size>0x8d</size>
         <input_file_ref idref="fl-7"/>
      </object_component>
      <object_component id="oc-28e">
         <name>.debug_line</name>
         <load_address>0x13db</load_address>
         <run_address>0x13db</run_address>
         <size>0x37</size>
         <input_file_ref idref="fl-7"/>
      </object_component>
      <object_component id="oc-282">
         <name>.debug_line</name>
         <load_address>0x1412</load_address>
         <run_address>0x1412</run_address>
         <size>0x37</size>
         <input_file_ref idref="fl-7"/>
      </object_component>
      <object_component id="oc-284">
         <name>.debug_line</name>
         <load_address>0x1449</load_address>
         <run_address>0x1449</run_address>
         <size>0x37</size>
         <input_file_ref idref="fl-7"/>
      </object_component>
      <object_component id="oc-280">
         <name>.debug_line</name>
         <load_address>0x1480</load_address>
         <run_address>0x1480</run_address>
         <size>0x37</size>
         <input_file_ref idref="fl-7"/>
      </object_component>
      <object_component id="oc-1f7">
         <name>.debug_line</name>
         <load_address>0x14b7</load_address>
         <run_address>0x14b7</run_address>
         <size>0x11b</size>
         <input_file_ref idref="fl-7"/>
      </object_component>
      <object_component id="oc-245">
         <name>.debug_line</name>
         <load_address>0x15d2</load_address>
         <run_address>0x15d2</run_address>
         <size>0xb0</size>
         <input_file_ref idref="fl-7"/>
      </object_component>
      <object_component id="oc-288">
         <name>.debug_line</name>
         <load_address>0x1682</load_address>
         <run_address>0x1682</run_address>
         <size>0x37</size>
         <input_file_ref idref="fl-7"/>
      </object_component>
      <object_component id="oc-27a">
         <name>.debug_line</name>
         <load_address>0x16b9</load_address>
         <run_address>0x16b9</run_address>
         <size>0x20</size>
         <input_file_ref idref="fl-8"/>
      </object_component>
      <object_component id="oc-1eb">
         <name>.debug_line</name>
         <load_address>0x16d9</load_address>
         <run_address>0x16d9</run_address>
         <size>0xef</size>
         <input_file_ref idref="fl-8"/>
      </object_component>
      <object_component id="oc-278">
         <name>.debug_line</name>
         <load_address>0x17c8</load_address>
         <run_address>0x17c8</run_address>
         <size>0xa5</size>
         <input_file_ref idref="fl-a"/>
      </object_component>
      <object_component id="oc-206">
         <name>.debug_line</name>
         <load_address>0x186d</load_address>
         <run_address>0x186d</run_address>
         <size>0x37</size>
         <input_file_ref idref="fl-a"/>
      </object_component>
      <object_component id="oc-1e6">
         <name>.debug_line</name>
         <load_address>0x18a4</load_address>
         <run_address>0x18a4</run_address>
         <size>0x116</size>
         <input_file_ref idref="fl-a"/>
      </object_component>
      <object_component id="oc-236">
         <name>.debug_line</name>
         <load_address>0x19ba</load_address>
         <run_address>0x19ba</run_address>
         <size>0xac</size>
         <input_file_ref idref="fl-a"/>
      </object_component>
      <object_component id="oc-a7">
         <name>.debug_line</name>
         <load_address>0x1a66</load_address>
         <run_address>0x1a66</run_address>
         <size>0x25b</size>
         <input_file_ref idref="fl-b"/>
      </object_component>
      <object_component id="oc-25b">
         <name>.debug_line</name>
         <load_address>0x1cc1</load_address>
         <run_address>0x1cc1</run_address>
         <size>0x10a</size>
         <input_file_ref idref="fl-d"/>
      </object_component>
      <object_component id="oc-204">
         <name>.debug_line</name>
         <load_address>0x1dcb</load_address>
         <run_address>0x1dcb</run_address>
         <size>0x38</size>
         <input_file_ref idref="fl-d"/>
      </object_component>
      <object_component id="oc-243">
         <name>.debug_line</name>
         <load_address>0x1e03</load_address>
         <run_address>0x1e03</run_address>
         <size>0x38</size>
         <input_file_ref idref="fl-d"/>
      </object_component>
      <object_component id="oc-127">
         <name>.debug_line</name>
         <load_address>0x1e3b</load_address>
         <run_address>0x1e3b</run_address>
         <size>0x873</size>
         <input_file_ref idref="fl-d"/>
      </object_component>
      <object_component id="oc-1ef">
         <name>.debug_line</name>
         <load_address>0x26ae</load_address>
         <run_address>0x26ae</run_address>
         <size>0x23d</size>
         <input_file_ref idref="fl-d"/>
      </object_component>
      <object_component id="oc-240">
         <name>.debug_line</name>
         <load_address>0x28eb</load_address>
         <run_address>0x28eb</run_address>
         <size>0x38</size>
         <input_file_ref idref="fl-d"/>
      </object_component>
      <object_component id="oc-214">
         <name>.debug_line</name>
         <load_address>0x2923</load_address>
         <run_address>0x2923</run_address>
         <size>0x20</size>
         <input_file_ref idref="fl-f"/>
      </object_component>
      <object_component id="oc-df">
         <name>.debug_line</name>
         <load_address>0x2943</load_address>
         <run_address>0x2943</run_address>
         <size>0xd7</size>
         <input_file_ref idref="fl-f"/>
      </object_component>
      <object_component id="oc-180">
         <name>.debug_line</name>
         <load_address>0x2a1a</load_address>
         <run_address>0x2a1a</run_address>
         <size>0x57</size>
         <input_file_ref idref="fl-f"/>
      </object_component>
      <object_component id="oc-218">
         <name>.debug_line</name>
         <load_address>0x2a71</load_address>
         <run_address>0x2a71</run_address>
         <size>0x53</size>
         <input_file_ref idref="fl-f"/>
      </object_component>
      <object_component id="oc-208">
         <name>.debug_line</name>
         <load_address>0x2ac4</load_address>
         <run_address>0x2ac4</run_address>
         <size>0x93</size>
         <input_file_ref idref="fl-11"/>
      </object_component>
      <object_component id="oc-156">
         <name>.debug_line</name>
         <load_address>0x2b57</load_address>
         <run_address>0x2b57</run_address>
         <size>0x33</size>
         <input_file_ref idref="fl-11"/>
      </object_component>
      <object_component id="oc-103">
         <name>.debug_line</name>
         <load_address>0x2b8a</load_address>
         <run_address>0x2b8a</run_address>
         <size>0x2b9</size>
         <input_file_ref idref="fl-11"/>
      </object_component>
      <object_component id="oc-33">
         <name>.debug_line</name>
         <load_address>0x2e43</load_address>
         <run_address>0x2e43</run_address>
         <size>0x8f</size>
         <input_file_ref idref="fl-11"/>
      </object_component>
      <object_component id="oc-20c">
         <name>.debug_line</name>
         <load_address>0x2ed2</load_address>
         <run_address>0x2ed2</run_address>
         <size>0x33</size>
         <input_file_ref idref="fl-11"/>
      </object_component>
      <object_component id="oc-71">
         <name>.debug_line</name>
         <load_address>0x2f05</load_address>
         <run_address>0x2f05</run_address>
         <size>0x2e4</size>
         <input_file_ref idref="fl-12"/>
      </object_component>
      <object_component id="oc-36">
         <name>.debug_line</name>
         <load_address>0x31e9</load_address>
         <run_address>0x31e9</run_address>
         <size>0x4f</size>
         <input_file_ref idref="fl-14"/>
      </object_component>
      <object_component id="oc-1b7">
         <name>.debug_line</name>
         <load_address>0x3238</load_address>
         <run_address>0x3238</run_address>
         <size>0x68</size>
         <input_file_ref idref="fl-15"/>
      </object_component>
      <object_component id="oc-8d">
         <name>.debug_line</name>
         <load_address>0x32a0</load_address>
         <run_address>0x32a0</run_address>
         <size>0x55</size>
         <input_file_ref idref="fl-15"/>
      </object_component>
      <object_component id="oc-262">
         <name>.debug_line</name>
         <load_address>0x32f5</load_address>
         <run_address>0x32f5</run_address>
         <size>0x20</size>
         <input_file_ref idref="fl-17"/>
      </object_component>
      <object_component id="oc-266">
         <name>.debug_line</name>
         <load_address>0x3315</load_address>
         <run_address>0x3315</run_address>
         <size>0x54</size>
         <input_file_ref idref="fl-17"/>
      </object_component>
      <object_component id="oc-18a">
         <name>.debug_line</name>
         <load_address>0x3369</load_address>
         <run_address>0x3369</run_address>
         <size>0x54</size>
         <input_file_ref idref="fl-17"/>
      </object_component>
      <object_component id="oc-3f">
         <name>.debug_line</name>
         <load_address>0x33bd</load_address>
         <run_address>0x33bd</run_address>
         <size>0x4b</size>
         <input_file_ref idref="fl-18"/>
      </object_component>
      <object_component id="oc-e7">
         <name>.debug_line</name>
         <load_address>0x3408</load_address>
         <run_address>0x3408</run_address>
         <size>0x125</size>
         <input_file_ref idref="fl-1a"/>
      </object_component>
      <object_component id="oc-198">
         <name>.debug_line</name>
         <load_address>0x352d</load_address>
         <run_address>0x352d</run_address>
         <size>0xc2</size>
         <input_file_ref idref="fl-1b"/>
      </object_component>
      <object_component id="oc-7e">
         <name>.debug_line</name>
         <load_address>0x35ef</load_address>
         <run_address>0x35ef</run_address>
         <size>0xd30</size>
         <input_file_ref idref="fl-1b"/>
      </object_component>
      <object_component id="oc-24">
         <name>.debug_line</name>
         <load_address>0x431f</load_address>
         <run_address>0x431f</run_address>
         <size>0xfb</size>
         <input_file_ref idref="fl-1c"/>
      </object_component>
      <object_component id="oc-131">
         <name>.debug_line</name>
         <load_address>0x441a</load_address>
         <run_address>0x441a</run_address>
         <size>0x84</size>
         <input_file_ref idref="fl-1d"/>
      </object_component>
      <object_component id="oc-ab">
         <name>.debug_line</name>
         <load_address>0x449e</load_address>
         <run_address>0x449e</run_address>
         <size>0x37</size>
         <input_file_ref idref="fl-1d"/>
      </object_component>
      <object_component id="oc-49">
         <name>.debug_line</name>
         <load_address>0x44d5</load_address>
         <run_address>0x44d5</run_address>
         <size>0x1c5</size>
         <input_file_ref idref="fl-1d"/>
      </object_component>
      <object_component id="oc-44">
         <name>.debug_line</name>
         <load_address>0x469a</load_address>
         <run_address>0x469a</run_address>
         <size>0xb2</size>
         <input_file_ref idref="fl-1d"/>
      </object_component>
      <object_component id="oc-153">
         <name>.debug_line</name>
         <load_address>0x474c</load_address>
         <run_address>0x474c</run_address>
         <size>0x37</size>
         <input_file_ref idref="fl-1d"/>
      </object_component>
      <object_component id="oc-15e">
         <name>.debug_line</name>
         <load_address>0x4783</load_address>
         <run_address>0x4783</run_address>
         <size>0xc1</size>
         <input_file_ref idref="fl-1e"/>
      </object_component>
      <object_component id="oc-78">
         <name>.debug_line</name>
         <load_address>0x4844</load_address>
         <run_address>0x4844</run_address>
         <size>0x233</size>
         <input_file_ref idref="fl-1e"/>
      </object_component>
      <object_component id="oc-1a4">
         <name>.debug_line</name>
         <load_address>0x4a77</load_address>
[...]
         <value>0xe210</value>
         <object_component_ref idref="oc-6f"/>
      </symbol>
      <symbol id="sm-54e">
         <name>_esmCcmErrorsClear_</name>
         <value>0xe3a0</value>
         <object_component_ref idref="oc-6f"/>
      </symbol>
      <symbol id="sm-54f">
         <name>_gotoCPUIdle_</name>
         <value>0xe264</value>
         <object_component_ref idref="oc-6f"/>
      </symbol>
      <symbol id="sm-550">
         <name>_coreEnableIrqVicOffset_</name>
         <value>0xe2f8</value>
         <object_component_ref idref="oc-6f"/>
      </symbol>
      <symbol id="sm-551">
         <name>_coreGetInstructionFault_</name>
         <value>0xe31c</value>
         <object_component_ref idref="oc-6f"/>
      </symbol>
      <symbol id="sm-552">
         <name>_coreEnableVfp_</name>
         <value>0xe27c</value>
         <object_component_ref idref="oc-6f"/>
      </symbol>
      <symbol id="sm-553">
         <name>_coreClearAuxiliaryDataFault_</name>
         <value>0xe360</value>
         <object_component_ref idref="oc-6f"/>
      </symbol>
      <symbol id="sm-554">
         <name>_coreEnableEventBusExport_</name>
         <value>0xe294</value>
         <object_component_ref idref="oc-6f"/>
      </symbol>
      <symbol id="sm-560">
         <name>resetEntry</name>
         <value>0x0</value>
         <object_component_ref idref="oc-35"/>
      </symbol>
      <symbol id="sm-574">
         <name>command</name>
         <value>0x8003030</value>
      </symbol>
      <symbol id="sm-575">
         <name>main</name>
         <value>0xf8f8</value>
         <object_component_ref idref="oc-8c"/>
      </symbol>
      <symbol id="sm-58e">
         <name>phantomInterrupt</name>
         <value>0xf970</value>
         <object_component_ref idref="oc-3a"/>
      </symbol>
      <symbol id="sm-598">
         <name>_pmuResetCounters_</name>
         <value>0xf574</value>
         <object_component_ref idref="oc-e3"/>
      </symbol>
      <symbol id="sm-599">
         <name>_pmuGetEventCount_</name>
         <value>0xf5a8</value>
         <object_component_ref idref="oc-e3"/>
      </symbol>
      <symbol id="sm-59a">
         <name>_pmuResetEventCounters_</name>
         <value>0xf564</value>
         <object_component_ref idref="oc-e3"/>
      </symbol>
      <symbol id="sm-59b">
         <name>_pmuStopCounters_</name>
         <value>0xf58c</value>
         <object_component_ref idref="oc-e3"/>
      </symbol>
      <symbol id="sm-59c">
         <name>_pmuInit_</name>
         <value>0xf4e8</value>
         <object_component_ref idref="oc-e3"/>
      </symbol>
      <symbol id="sm-59d">
         <name>_pmuGetOverflow_</name>
         <value>0xf5b4</value>
         <object_component_ref idref="oc-e3"/>
      </symbol>
      <symbol id="sm-59e">
         <name>_pmuResetCycleCounter_</name>
         <value>0xf554</value>
         <object_component_ref idref="oc-e3"/>
      </symbol>
      <symbol id="sm-59f">
         <name>_pmuSetCountEvent_</name>
         <value>0xf594</value>
         <object_component_ref idref="oc-e3"/>
      </symbol>
      <symbol id="sm-5a0">
         <name>_pmuGetCycleCount_</name>
         <value>0xf5a0</value>
         <object_component_ref idref="oc-e3"/>
      </symbol>
      <symbol id="sm-5a1">
         <name>_pmuEnableCountersGlobal_</name>
         <value>0xf534</value>
         <object_component_ref idref="oc-e3"/>
      </symbol>
      <symbol id="sm-5a2">
         <name>_pmuDisableCountersGlobal_</name>
         <value>0xf544</value>
         <object_component_ref idref="oc-e3"/>
      </symbol>
      <symbol id="sm-5a3">
         <name>_pmuStartCounters_</name>
         <value>0xf584</value>
         <object_component_ref idref="oc-e3"/>
      </symbol>
      <symbol id="sm-763">
         <name>pbistSelfCheck</name>
         <value>0x82cc</value>
         <object_component_ref idref="oc-7a"/>
      </symbol>
      <symbol id="sm-764">
         <name>fmcBus1ParityCheck</name>
         <value>0xa2c4</value>
         <object_component_ref idref="oc-7a"/>
      </symbol>
      <symbol id="sm-765">
         <name>can1ParityCheck</name>
         <value>0x9410</value>
         <object_component_ref idref="oc-7a"/>
      </symbol>
      <symbol id="sm-766">
         <name>enableParity</name>
         <value>0xaad0</value>
         <object_component_ref idref="oc-7a"/>
      </symbol>
      <symbol id="sm-767">
         <name>dmaParityCheck</name>
         <value>0x8eac</value>
         <object_component_ref idref="oc-7a"/>
      </symbol>
      <symbol id="sm-768">
         <name>custom_dabort</name>
         <value>0x8df4</value>
         <object_component_ref idref="oc-7a"/>
      </symbol>
      <symbol id="sm-769">
         <name>memoryInit</name>
         <value>0x8174</value>
         <object_component_ref idref="oc-7a"/>
      </symbol>
      <symbol id="sm-76a">
         <name>stcSelfCheck</name>
         <value>0x81b8</value>
         <object_component_ref idref="oc-7a"/>
      </symbol>
      <symbol id="sm-76b">
         <name>efcGetConfigValue</name>
         <value>0xa660</value>
         <object_component_ref idref="oc-7a"/>
      </symbol>
      <symbol id="sm-76c">
         <name>can2ParityCheck</name>
         <value>0x94e8</value>
         <object_component_ref idref="oc-7a"/>
      </symbol>
      <symbol id="sm-76d">
         <name>het1ParityCheck</name>
         <value>0x8f58</value>
         <object_component_ref idref="oc-7a"/>
      </symbol>
      <symbol id="sm-76e">
         <name>adc1ParityCheck</name>
         <value>0x926c</value>
         <object_component_ref idref="oc-7a"/>
      </symbol>
      <symbol id="sm-76f">
         <name>checkefcSelfTest</name>
         <value>0x87bc</value>
         <object_component_ref idref="oc-7a"/>
      </symbol>
      <symbol id="sm-770">
         <name>checkRAMECC</name>
         <value>0x99d0</value>
         <object_component_ref idref="oc-7a"/>
      </symbol>
      <symbol id="sm-771">
         <name>stcSelfCheckFail</name>
         <value>0x8df8</value>
         <object_component_ref idref="oc-7a"/>
      </symbol>
      <symbol id="sm-772">
         <name>ccmSelfCheck</name>
         <value>0x8030</value>
         <object_component_ref idref="oc-7a"/>
      </symbol>
      <symbol id="sm-773">
         <name>efcCheck</name>
         <value>0x8660</value>
         <object_component_ref idref="oc-7a"/>
      </symbol>
      <symbol id="sm-774">
         <name>het2ParityCheck</name>
         <value>0x90c0</value>
         <object_component_ref idref="oc-7a"/>
      </symbol>
      <symbol id="sm-775">
         <name>adc2ParityCheck</name>
         <value>0x9358</value>
         <object_component_ref idref="oc-7a"/>
      </symbol>
      <symbol id="sm-776">
         <name>cpuSelfTest</name>
         <value>0x8234</value>
         <object_component_ref idref="oc-7a"/>
      </symbol>
      <symbol id="sm-777">
         <name>htu1ParityCheck</name>
         <value>0x9004</value>
         <object_component_ref idref="oc-7a"/>
      </symbol>
      <symbol id="sm-778">
         <name>checkFlashECC</name>
         <value>0x8d18</value>
         <object_component_ref idref="oc-7a"/>
      </symbol>
      <symbol id="sm-779">
         <name>cpuSelfTestFail</name>
         <value>0x8dfc</value>
         <object_component_ref idref="oc-7a"/>
      </symbol>
      <symbol id="sm-77a">
         <name>checkPLL1Slip</name>
         <value>0x9e8c</value>
         <object_component_ref idref="oc-7a"/>
      </symbol>
      <symbol id="sm-77b">
         <name>mibspi1ParityCheck</name>
         <value>0x9684</value>
         <object_component_ref idref="oc-7a"/>
      </symbol>
      <symbol id="sm-77c">
         <name>ccmr4GetConfigValue</name>
         <value>0xa6fc</value>
         <object_component_ref idref="oc-7a"/>
      </symbol>
      <symbol id="sm-77d">
         <name>htu2ParityCheck</name>
         <value>0x91bc</value>
         <object_component_ref idref="oc-7a"/>
      </symbol>
      <symbol id="sm-77e">
         <name>pbistPortTestStatus</name>
         <value>0x8608</value>
         <object_component_ref idref="oc-7a"/>
      </symbol>
      <symbol id="sm-77f">
         <name>checkFlashEEPROMECC</name>
         <value>0x9cf4</value>
         <object_component_ref idref="oc-7a"/>
      </symbol>
      <symbol id="sm-780">
         <name>pbistGetConfigValue</name>
         <value>0xa470</value>
         <object_component_ref idref="oc-7a"/>
      </symbol>
      <symbol id="sm-781">
         <name>vimParityCheck</name>
         <value>0x8e00</value>
         <object_component_ref idref="oc-7a"/>
      </symbol>
      <symbol id="sm-782">
         <name>pbistIsTestCompleted</name>
         <value>0x85a8</value>
         <object_component_ref idref="oc-7a"/>
      </symbol>
      <symbol id="sm-783">
         <name>disableParity</name>
         <value>0xab58</value>
         <object_component_ref idref="oc-7a"/>
      </symbol>
      <symbol id="sm-784">
         <name>pbistRun</name>
         <value>0x84ac</value>
         <object_component_ref idref="oc-7a"/>
      </symbol>
      <symbol id="sm-785">
         <name>pbistFail</name>
         <value>0xa3ec</value>
         <object_component_ref idref="oc-7a"/>
      </symbol>
      <symbol id="sm-786">
         <name>selftestFailNotification</name>
         <value>0x8020</value>
         <object_component_ref idref="oc-7a"/>
      </symbol>
      <symbol id="sm-787">
         <name>errata_PBIST_4</name>
         <value>0xa76c</value>
         <object_component_ref idref="oc-7a"/>
      </symbol>
      <symbol id="sm-788">
         <name>mibspi3ParityCheck</name>
         <value>0x978c</value>
         <object_component_ref idref="oc-7a"/>
      </symbol>
      <symbol id="sm-789">
         <name>efcSelfTest</name>
         <value>0x8794</value>
         <object_component_ref idref="oc-7a"/>
      </symbol>
      <symbol id="sm-78a">
         <name>checkB1RAMECC</name>
         <value>0x8b28</value>
         <object_component_ref idref="oc-7a"/>
      </symbol>
      <symbol id="sm-78b">
         <name>pbistStop</name>
         <value>0x8578</value>
         <object_component_ref idref="oc-7a"/>
      </symbol>
      <symbol id="sm-78c">
         <name>can3ParityCheck</name>
         <value>0x95b0</value>
         <object_component_ref idref="oc-7a"/>
      </symbol>
      <symbol id="sm-78d">
         <name>checkRAMAddrParity</name>
         <value>0xa050</value>
         <object_component_ref idref="oc-7a"/>
      </symbol>
      <symbol id="sm-78e">
         <name>mibspi5ParityCheck</name>
         <value>0x98b0</value>
         <object_component_ref idref="oc-7a"/>
      </symbol>
      <symbol id="sm-78f">
         <name>checkB0RAMECC</name>
         <value>0x8938</value>
         <object_component_ref idref="oc-7a"/>
      </symbol>
      <symbol id="sm-790">
         <name>stcGetConfigValue</name>
         <value>0xa5bc</value>
         <object_component_ref idref="oc-7a"/>
      </symbol>
      <symbol id="sm-791">
         <name>pbistIsTestPassed</name>
         <value>0x85d4</value>
         <object_component_ref idref="oc-7a"/>
      </symbol>
      <symbol id="sm-792">
         <name>checkClockMonitor</name>
         <value>0x9c18</value>
         <object_component_ref idref="oc-7a"/>
      </symbol>
      <symbol id="sm-793">
         <name>fmcECCcheck</name>
         <value>0x8898</value>
         <object_component_ref idref="oc-7a"/>
      </symbol>
      <symbol id="sm-794">
         <name>fmcBus2Check</name>
         <value>0x885c</value>
         <object_component_ref idref="oc-7a"/>
      </symbol>
      <symbol id="sm-795">
         <name>checkRAMUERRTest</name>
         <value>0xa15c</value>
         <object_component_ref idref="oc-7a"/>
      </symbol>
      <symbol id="sm-796">
         <name>efcStuckZeroTest</name>
         <value>0x86e8</value>
         <object_component_ref idref="oc-7a"/>
      </symbol>
      <symbol id="sm-797">
         <name>checkPLL2Slip</name>
         <value>0x9f8c</value>
         <object_component_ref idref="oc-7a"/>
      </symbol>
      <symbol id="sm-7bf">
         <name>_c_int00</name>
         <value>0xe9a0</value>
         <object_component_ref idref="oc-20"/>
      </symbol>
      <symbol id="sm-86f">
         <name>vimChannelMap</name>
         <value>0xb8f8</value>
         <object_component_ref idref="oc-45"/>
      </symbol>
      <symbol id="sm-870">
         <name>vimInit</name>
         <value>0xb824</value>
         <object_component_ref idref="oc-45"/>
      </symbol>
      <symbol id="sm-871">
         <name>vimEnableInterrupt</name>
         <value>0xb99c</value>
         <object_component_ref idref="oc-45"/>
      </symbol>
      <symbol id="sm-872">
         <name>vimDisableInterrupt</name>
         <value>0xbb64</value>
         <object_component_ref idref="oc-45"/>
      </symbol>
      <symbol id="sm-873">
         <name>vimGetConfigValue</name>
         <value>0xbc10</value>
         <object_component_ref idref="oc-45"/>
      </symbol>
      <symbol id="sm-874">
         <name>vimParityErrorHandler</name>
         <value>0xe450</value>
         <object_component_ref idref="oc-40"/>
      </symbol>
      <symbol id="sm-8ce">
         <name>systemGetConfigValue</name>
         <value>0xb05c</value>
         <object_component_ref idref="oc-74"/>
      </symbol>
      <symbol id="sm-8cf">
         <name>trimLPO</name>
         <value>0xad5c</value>
         <object_component_ref idref="oc-74"/>
      </symbol>
      <symbol id="sm-8d0">
         <name>systemInit</name>
         <value>0xaf60</value>
         <object_component_ref idref="oc-74"/>
      </symbol>
      <symbol id="sm-8d1">
         <name>tcmflashGetConfigValue</name>
         <value>0xb470</value>
         <object_component_ref idref="oc-74"/>
      </symbol>
      <symbol id="sm-8d2">
         <name>sramGetConfigValue</name>
         <value>0xb61c</value>
         <object_component_ref idref="oc-74"/>
      </symbol>
      <symbol id="sm-8d3">
         <name>periphInit</name>
         <value>0xade4</value>
         <object_component_ref idref="oc-74"/>
      </symbol>
      <symbol id="sm-8d4">
         <name>setupFlash</name>
         <value>0xada4</value>
         <object_component_ref idref="oc-74"/>
      </symbol>
      <symbol id="sm-8d5">
         <name>setupPLL</name>
         <value>0xacfc</value>
         <object_component_ref idref="oc-74"/>
      </symbol>
      <symbol id="sm-8d6">
         <name>mapClocks</name>
         <value>0xae38</value>
         <object_component_ref idref="oc-74"/>
      </symbol>
      <symbol id="sm-8d7">
         <name>systemPowerDown</name>
         <value>0xb02c</value>
         <object_component_ref idref="oc-74"/>
      </symbol>
      <symbol id="sm-90a">
         <name>__TI_auto_init</name>
         <value>0xf781</value>
         <object_component_ref idref="oc-86"/>
      </symbol>
      <symbol id="sm-928">
         <name>__TI_decompress_lzss</name>
         <value>0xf7f1</value>
         <object_component_ref idref="oc-e"/>
      </symbol>
      <symbol id="sm-93f">
         <name>__TI_decompress_none</name>
         <value>0xf955</value>
         <object_component_ref idref="oc-14"/>
      </symbol>
      <symbol id="sm-951">
         <name>__TI_zero_init</name>
         <value>0xf963</value>
         <object_component_ref idref="oc-1a"/>
      </symbol>
      <symbol id="sm-96b">
         <name>copy_in</name>
         <value>0xf8ad</value>
         <object_component_ref idref="oc-f1"/>
      </symbol>
      <symbol id="sm-98c">
         <name>C$$EXIT</name>
         <value>0xf85d</value>
         <object_component_ref idref="oc-92"/>
      </symbol>
      <symbol id="sm-98d">
         <name>abort</name>
         <value>0xf861</value>
         <object_component_ref idref="oc-92"/>
      </symbol>
      <symbol id="sm-98e">
         <name>exit</name>
         <value>0xf869</value>
         <object_component_ref idref="oc-92"/>
      </symbol>
      <symbol id="sm-98f">
         <name>__TI_dtors_ptr</name>
         <value>0x8003048</value>
         <object_component_ref idref="oc-10e"/>
      </symbol>
      <symbol id="sm-990">
         <name>__TI_cleanup_ptr</name>
         <value>0x8003044</value>
         <object_component_ref idref="oc-10e"/>
      </symbol>
      <symbol id="sm-991">
         <name>__TI_enable_exit_profile_output</name>
         <value>0x800304c</value>
         <object_component_ref idref="oc-10e"/>
      </symbol>
      <symbol id="sm-9ac">
         <name>memcpy</name>
         <value>0xf669</value>
         <object_component_ref idref="oc-57"/>
      </symbol>
      <symbol id="sm-9ad">
         <name>__aeabi_memcpy</name>
         <value>0xf669</value>
         <object_component_ref idref="oc-57"/>
      </symbol>
      <symbol id="sm-9ae">
         <name>__aeabi_memcpy8</name>
         <value>0xf669</value>
         <object_component_ref idref="oc-57"/>
      </symbol>
      <symbol id="sm-9af">
         <name>__aeabi_memcpy4</name>
         <value>0xf669</value>
         <object_component_ref idref="oc-57"/>
      </symbol>
      <symbol id="sm-9be">
         <name>__aeabi_memset</name>
         <value>0xf707</value>
         <object_component_ref idref="oc-63"/>
      </symbol>
      <symbol id="sm-9bf">
         <name>memset</name>
         <value>0xf70d</value>
         <object_component_ref idref="oc-63"/>
      </symbol>
      <symbol id="sm-9c0">
         <name>__aeabi_memset8</name>
         <value>0xf707</value>
         <object_component_ref idref="oc-63"/>
      </symbol>
      <symbol id="sm-9c1">
         <name>__aeabi_memset4</name>
         <value>0xf707</value>
         <object_component_ref idref="oc-63"/>
      </symbol>
      <symbol id="sm-9c2">
         <name>__aeabi_memclr8</name>
         <value>0xf705</value>
         <object_component_ref idref="oc-63"/>
      </symbol>
      <symbol id="sm-9c3">
         <name>__aeabi_memclr4</name>
         <value>0xf705</value>
         <object_component_ref idref="oc-63"/>
      </symbol>
      <symbol id="sm-9c4">
         <name>__aeabi_memclr</name>
         <value>0xf705</value>
         <object_component_ref idref="oc-63"/>
      </symbol>
      <symbol id="sm-9e5">
         <name>floorl</name>
         <value>0xf409</value>
         <object_component_ref idref="oc-1af"/>
      </symbol>
      <symbol id="sm-9e6">
         <name>floor</name>
         <value>0xf409</value>
         <object_component_ref idref="oc-1af"/>
      </symbol>
      <symbol id="sm-9f0">
         <name>_system_post_cinit</name>
         <value>0xf77f</value>
         <object_component_ref idref="oc-f7"/>
      </symbol>
      <symbol id="sm-a0a">
         <name>_nop</name>
         <value>0xf94f</value>
         <object_component_ref idref="oc-1ce"/>
      </symbol>
      <symbol id="sm-a0b">
         <name>_lock</name>
         <value>0x8003050</value>
         <object_component_ref idref="oc-111"/>
      </symbol>
      <symbol id="sm-a0c">
         <name>_unlock</name>
         <value>0x8003054</value>
         <object_component_ref idref="oc-111"/>
      </symbol>
      <symbol id="sm-a0d">
         <name>_register_lock</name>
         <value>0xf947</value>
         <object_component_ref idref="oc-1ce"/>
      </symbol>
      <symbol id="sm-a0e">
         <name>_register_unlock</name>
         <value>0xf941</value>
         <object_component_ref idref="oc-1ce"/>
      </symbol>
      <symbol id="sm-a10">
         <name>__TI_static_base__</name>
         <value>0x0</value>
      </symbol>
      <symbol id="sm-a14">
         <name>SHT$$INIT_ARRAY$$Base</name>
         <value>0x0</value>
      </symbol>
      <symbol id="sm-a15">
         <name>SHT$$INIT_ARRAY$$Limit</name>
         <value>0x0</value>
      </symbol>
   </symbol_table>
   <title>Link successful</title>
</link_info>
